Archive member included to satisfy reference by file (symbol)

/home/jk/devkitPro/libctru/lib/libctru.a(console.o)
                              inject.o (consoleSelect)
/home/jk/devkitPro/libctru/lib/libctru.a(srv.o)
                              util.o (srvGetServiceHandleDirect)
/home/jk/devkitPro/libctru/lib/libctru.a(gfx.o)
                              /home/jk/devkitPro/libctru/lib/libctru.a(console.o) (gfxSetScreenFormat)
/home/jk/devkitPro/libctru/lib/libctru.a(gx.o)
                              /home/jk/devkitPro/libctru/lib/libctru.a(gfx.o) (gxCmdBuf)
/home/jk/devkitPro/libctru/lib/libctru.a(gspgpu.o)
                              /home/jk/devkitPro/libctru/lib/libctru.a(gfx.o) (gspInit)
/home/jk/devkitPro/libctru/lib/libctru.a(apt.o)
                              util.o (APT_GetProgramID)
/home/jk/devkitPro/libctru/lib/libctru.a(hid.o)
                              inject.o (hidScanInput)
/home/jk/devkitPro/libctru/lib/libctru.a(fs.o)
                              http.o (fsInit)
/home/jk/devkitPro/libctru/lib/libctru.a(httpc.o)
                              http.o (httpcInit)
/home/jk/devkitPro/libctru/lib/libctru.a(initSystem.o)
                              /home/jk/devkitPro/libctru/lib/libctru.a(apt.o) (__system_retAddr)
/home/jk/devkitPro/libctru/lib/libctru.a(syscalls.o)
                              /home/jk/devkitPro/libctru/lib/libctru.a(initSystem.o) (__system_initSyscalls)
/home/jk/devkitPro/libctru/lib/libctru.a(allocateHeaps.o)
                              /home/jk/devkitPro/libctru/lib/libctru.a(initSystem.o) (__system_allocateHeaps)
/home/jk/devkitPro/libctru/lib/libctru.a(initArgv.o)
                              /home/jk/devkitPro/libctru/lib/libctru.a(initSystem.o) (__system_initArgv)
/home/jk/devkitPro/libctru/lib/libctru.a(svc.o)
                              /home/jk/devkitPro/libctru/lib/libctru.a(allocateHeaps.o) (svcControlMemory)
/home/jk/devkitPro/libctru/lib/libctru.a(stack_adjust.o)
                              /home/jk/devkitPro/devkitARM/bin/../lib/gcc/arm-none-eabi/5.3.0/../../../../arm-none-eabi/lib/armv6k/fpu/3dsx_crt0.o (initSystem)
/home/jk/devkitPro/libctru/lib/libctru.a(default_font.bin.o)
                              /home/jk/devkitPro/libctru/lib/libctru.a(console.o) (default_font_bin)
/home/jk/devkitPro/libctru/lib/libctru.a(vram.o)
                              /home/jk/devkitPro/libctru/lib/libctru.a(gfx.o) (vramAlloc)
/home/jk/devkitPro/libctru/lib/libctru.a(mappable.o)
                              /home/jk/devkitPro/libctru/lib/libctru.a(gfx.o) (mappableAlloc)
/home/jk/devkitPro/libctru/lib/libctru.a(linear.o)
                              /home/jk/devkitPro/libctru/lib/libctru.a(gfx.o) (linearAlloc)
/home/jk/devkitPro/libctru/lib/libctru.a(mem_pool.o)
                              /home/jk/devkitPro/libctru/lib/libctru.a(vram.o) (MemPool::Allocate(MemChunk&, unsigned long, int))
/home/jk/devkitPro/libctru/lib/libctru.a(synchronization.o)
                              /home/jk/devkitPro/libctru/lib/libctru.a(initSystem.o) (__sync_init)
/home/jk/devkitPro/libctru/lib/libctru.a(env.o)
                              /home/jk/devkitPro/libctru/lib/libctru.a(srv.o) (envGetHandle)
/home/jk/devkitPro/libctru/lib/libctru.a(os.o)
                              /home/jk/devkitPro/libctru/lib/libctru.a(allocateHeaps.o) (osGetMemRegionUsed)
/home/jk/devkitPro/libctru/lib/libctru.a(thread.o)
                              /home/jk/devkitPro/libctru/lib/libctru.a(gspgpu.o) (threadCreate)
/home/jk/devkitPro/libctru/lib/libctru.a(irrst.o)
                              /home/jk/devkitPro/libctru/lib/libctru.a(hid.o) (irrstScanInput)
/home/jk/devkitPro/libctru/lib/libctru.a(ptmsysm.o)
                              /home/jk/devkitPro/libctru/lib/libctru.a(os.o) (ptmSysmInit)
/home/jk/devkitPro/libctru/lib/libctru.a(rbtree_init.o)
                              /home/jk/devkitPro/libctru/lib/libctru.a(vram.o) (rbtree_init)
/home/jk/devkitPro/libctru/lib/libctru.a(rbtree_insert.o)
                              /home/jk/devkitPro/libctru/lib/libctru.a(vram.o) (rbtree_insert)
/home/jk/devkitPro/libctru/lib/libctru.a(rbtree_rotate.o)
                              /home/jk/devkitPro/libctru/lib/libctru.a(rbtree_insert.o) (rbtree_rotate)
/home/jk/devkitPro/libctru/lib/libctru.a(rbtree_remove.o)
                              /home/jk/devkitPro/libctru/lib/libctru.a(vram.o) (rbtree_remove)
/home/jk/devkitPro/libctru/lib/libctru.a(rbtree_find.o)
                              /home/jk/devkitPro/libctru/lib/libctru.a(vram.o) (rbtree_find)
/home/jk/devkitPro/libctru/lib/libctru.a(appInit.o)
                              /home/jk/devkitPro/libctru/lib/libctru.a(stack_adjust.o) (__appInit)
/home/jk/devkitPro/libctru/lib/libctru.a(appExit.o)
                              /home/jk/devkitPro/libctru/lib/libctru.a(stack_adjust.o) (__appExit)
/home/jk/devkitPro/libctru/lib/libctru.a(ctru_exit.o)
[...]
Memory Configuration

Name             Origin             Length             Attributes
*default*        0x0000000000000000 0xffffffffffffffff

Linker script and memory map

                0x0000000000100000                . = 0x100000
                0x0000000000100000                __start__ = .

.text           0x0000000000100000    0x2aae8
 *(.crt0)
 .crt0          0x0000000000100000       0x94 /home/jk/devkitPro/devkitARM/bin/../lib/gcc/arm-none-eabi/5.3.0/../../../../arm-none-eabi/lib/armv6k/fpu/3dsx_crt0.o
                0x0000000000100000                _start
                0x0000000000100008                __service_ptr
                0x000000000010000c                __apt_appid
                0x0000000000100010                __heap_size
                0x0000000000100014                __linear_heap_size
                0x0000000000100018                __system_arglist
                0x000000000010001c                __system_runflags
 *(.init)
 .init          0x0000000000100094        0xc /home/jk/devkitPro/devkitARM/bin/../lib/gcc/arm-none-eabi/5.3.0/armv6k/fpu/crti.o
                0x0000000000100094                _init
 .init          0x00000000001000a0        0xc /home/jk/devkitPro/devkitARM/bin/../lib/gcc/arm-none-eabi/5.3.0/armv6k/fpu/crtn.o
                0x00000000001000ac                . = ALIGN (0x4)
 *(.text)
 .text          0x00000000001000ac      0x108 /home/jk/devkitPro/devkitARM/bin/../lib/gcc/arm-none-eabi/5.3.0/armv6k/fpu/crtbegin.o
 .text          0x00000000001001b4       0x64 /home/jk/devkitPro/libctru/lib/libctru.a(stack_adjust.o)
                0x00000000001001b4                initSystem
                0x00000000001001f8                __ctru_exit
 .text          0x0000000000100218      0x240 /home/jk/devkitPro/devkitARM/bin/../lib/gcc/arm-none-eabi/5.3.0/armv6k/fpu/libgcc.a(_divsi3.o)
                0x0000000000100218                __aeabi_idiv
                0x0000000000100218                __divsi3
                0x0000000000100438                __aeabi_idivmod
 .text          0x0000000000100458        0x4 /home/jk/devkitPro/devkitARM/bin/../lib/gcc/arm-none-eabi/5.3.0/armv6k/fpu/libgcc.a(_dvmd_tls.o)
                0x0000000000100458                __aeabi_ldiv0
                0x0000000000100458                __aeabi_idiv0
 .text          0x000000000010045c       0x3c /home/jk/devkitPro/devkitARM/bin/../lib/gcc/arm-none-eabi/5.3.0/armv6k/fpu/libgcc.a(_aeabi_uldivmod.o)
                0x000000000010045c                __aeabi_uldivmod
 .text          0x0000000000100498      0x128 /home/jk/devkitPro/devkitARM/bin/../lib/gcc/arm-none-eabi/5.3.0/armv6k/fpu/libgcc.a(_udivmoddi4.o)
                0x0000000000100498                __udivmoddi4
 .text          0x00000000001005c0      0x3a0 /home/jk/devkitPro/devkitARM/bin/../lib/gcc/arm-none-eabi/5.3.0/../../../../arm-none-eabi/lib/armv6k/fpu/libg.a(lib_a-strcmp.o)
                0x00000000001005c8                strcmp
 .text          0x0000000000100960      0x1c4 /home/jk/devkitPro/devkitARM/bin/../lib/gcc/arm-none-eabi/5.3.0/../../../../arm-none-eabi/lib/armv6k/fpu/libsysbase.a(iosupport.o)
                0x0000000000100968                setDefaultDevice
                0x0000000000100980                FindDevice
                0x0000000000100a3c                RemoveDevice
                0x0000000000100a68                AddDevice
                0x0000000000100b00                GetDeviceOpTab
 .text          0x0000000000100b24       0x7c /home/jk/devkitPro/devkitARM/bin/../lib/gcc/arm-none-eabi/5.3.0/../../../../arm-none-eabi/lib/armv6k/fpu/libsysbase.a(close.o)
                0x0000000000100b24                _close_r
 .text          0x0000000000100ba0       0x6c /home/jk/devkitPro/devkitARM/bin/../lib/gcc/arm-none-eabi/5.3.0/../../../../arm-none-eabi/lib/armv6k/fpu/libsysbase.a(fstat.o)
                0x0000000000100ba0                _fstat_r
 .text          0x0000000000100c0c        0x8 /home/jk/devkitPro/devkitARM/bin/../lib/gcc/arm-none-eabi/5.3.0/../../../../arm-none-eabi/lib/armv6k/fpu/libsysbase.a(isatty.o)
                0x0000000000100c0c                _isatty_r
 .text          0x0000000000100c14       0x78 /home/jk/devkitPro/devkitARM/bin/../lib/gcc/arm-none-eabi/5.3.0/../../../../arm-none-eabi/lib/armv6k/fpu/libsysbase.a(lseek.o)
                0x0000000000100c14                _lseek_r
 .text          0x0000000000100c8c       0xc8 /home/jk/devkitPro/devkitARM/bin/../lib/gcc/arm-none-eabi/5.3.0/../../../../arm-none-eabi/lib/armv6k/fpu/libsysbase.a(open.o)
                0x0000000000100c8c                _open_r
 .text          0x0000000000100d54       0x78 /home/jk/devkitPro/devkitARM/bin/../lib/gcc/arm-none-eabi/5.3.0/../../../../arm-none-eabi/lib/armv6k/fpu/libsysbase.a(read.o)
                0x0000000000100d54                _read_r
 .text          0x0000000000100dcc       0x70 /home/jk/devkitPro/devkitARM/bin/../lib/gcc/arm-none-eabi/5.3.0/../../../../arm-none-eabi/lib/armv6k/fpu/libsysbase.a(sbrk.o)
                0x0000000000100dcc                _sbrk_r
 .text          0x0000000000100e3c       0x5c /home/jk/devkitPro/devkitARM/bin/../lib/gcc/arm-none-eabi/5.3.0/../../../../arm-none-eabi/lib/armv6k/fpu/libsysbase.a(unlink.o)
                0x0000000000100e3c                _unlink_r
 .text          0x0000000000100e98       0x78 /home/jk/devkitPro/devkitARM/bin/../lib/gcc/arm-none-eabi/5.3.0/../../../../arm-none-eabi/lib/armv6k/fpu/libsysbase.a(write.o)
                0x0000000000100e98                _write_r
 .text          0x0000000000100f10      0x3b0 /home/jk/devkitPro/devkitARM/bin/../lib/gcc/arm-none-eabi/5.3.0/../../../../arm-none-eabi/lib/armv6k/fpu/libsysbase.a(chdir.o)
                0x0000000000100f10                _concatenate_path
                0x00000000001010cc                chdir
                0x0000000000101220                getcwd
 .text          0x00000000001012c0       0x10 /home/jk/devkitPro/devkitARM/bin/../lib/gcc/arm-none-eabi/5.3.0/../../../../arm-none-eabi/lib/armv6k/fpu/libsysbase.a(flock.o)
                0x00000000001012c0                __flockfile
                0x00000000001012c8                __funlockfile
 .text          0x00000000001012d0      0x108 /home/jk/devkitPro/devkitARM/bin/../lib/gcc/arm-none-eabi/5.3.0/../../../../arm-none-eabi/lib/armv6k/fpu/libsysbase.a(syscall_support.o)
                0x00000000001012d0                __libc_lock_init
                0x00000000001012e8                __libc_lock_acquire
                0x0000000000101300                __libc_lock_try_acquire
                0x0000000000101324                __libc_lock_release
                0x000000000010133c                __libc_lock_close
                0x0000000000101354                __libc_lock_init_recursive
                0x000000000010136c                __libc_lock_acquire_recursive
                0x0000000000101384                __libc_lock_try_acquire_recursive
                0x00000000001013a8                __libc_lock_release_recursive
                0x00000000001013c0                __libc_lock_close_recursive
 .text          0x00000000001013d8      0x2c4 /home/jk/devkitPro/devkitARM/bin/../lib/gcc/arm-none-eabi/5.3.0/../../../../arm-none-eabi/lib/armv6k/fpu/libsysbase.a(handle_manager.o)
                0x00000000001013d8                __free_handle
                0x000000000010141c                __release_handle
                0x0000000000101458                __alloc_handle
                0x00000000001014d0                __get_handle
                0x00000000001014ec                dup
                0x0000000000101590                dup2
 .text          0x000000000010169c       0x28 /home/jk/devkitPro/devkitARM/bin/../lib/gcc/arm-none-eabi/5.3.0/../../../../arm-none-eabi/lib/armv6k/fpu/libsysbase.a(getreent.o)
                0x000000000010169c                __getreent
 .text          0x00000000001016c4      0x20c /home/jk/devkitPro/devkitARM/bin/../lib/gcc/arm-none-eabi/5.3.0/armv6k/fpu/libgcc.a(_udivsi3.o)
                0x00000000001016c4                __udivsi3
                0x00000000001016c4                __aeabi_uidiv
                0x00000000001018b0                __aeabi_uidivmod
 *(.text.*)
 .text.injectWC6
                0x00000000001018d0       0xdc inject.o
                0x00000000001018d0                injectWC6
 .text.injectLanguage
                0x00000000001019ac       0x48 inject.o
                0x00000000001019ac                injectLanguage
 .text.injectItem
                0x00000000001019f4      0x164 inject.o
                0x00000000001019f4                injectItem
 .text.injectBP
                0x0000000000101b58       0xa4 inject.o
                0x0000000000101b58                injectBP
 .text.injectTM
                0x0000000000101bfc       0x78 inject.o
                0x0000000000101bfc                injectTM
 .text.refreshValues
                0x0000000000101c74      0x290 inject.o
                0x0000000000101c74                refreshValues
 *fill*         0x0000000000101f04        0x4 
 .text.saveFileEditor
                0x0000000000101f08      0xcb8 inject.o
                0x0000000000101f08                saveFileEditor
 .text.hexa2bin
                0x0000000000102bc0      0x1cc pid.o
                0x0000000000102bc0                hexa2bin
 .text.hexa2dec
                0x0000000000102d8c       0x70 pid.o
                0x0000000000102d8c                hexa2dec
 .text.PIDchecker
                0x0000000000102dfc      0x660 pid.o
                0x0000000000102dfc                PIDchecker
 .text.posCursore
                0x000000000010345c       0x30 pid.o
                0x000000000010345c                posCursore
 .text.checkValDec
                0x000000000010348c       0xc8 pid.o
                0x000000000010348c                checkValDec
 .text.printCursore
                0x0000000000103554       0x94 pid.o
                0x0000000000103554                printCursore
 .text.show     0x00000000001035e8       0xbc pid.o
                0x00000000001035e8                show
 .text.PID      0x00000000001036a4      0x9fc pid.o
                0x00000000001036a4                PID
 .text.filldatabase
                0x00000000001040a0      0xaf8 fill.o
                0x00000000001040a0                filldatabase
 .text.check    0x0000000000104b98       0x5c catch.o
                0x0000000000104b98                check
 .text.printCursoreC
                0x0000000000104bf4       0x84 catch.o
                0x0000000000104bf4                printCursoreC
 .text.showC    0x0000000000104c78      0x4d0 catch.o
                0x0000000000104c78                showC
 .text.catchrate
                0x0000000000105148      0x90c catch.o
                0x0000000000105148                catchrate
 .text.eventDatabase
                0x0000000000105a54      0x64c database.o
                0x0000000000105a54                eventDatabase
 .text.psDates  0x00000000001060a0      0x21c database.o
                0x00000000001060a0                psDates
 .text.intro    0x00000000001062bc       0xc8 main.o
                0x00000000001062bc                intro
 .text.startup.main
                0x0000000000106384     0x1200 main.o
                0x0000000000106384                main
 .text.refresh  0x0000000000107584       0x74 util.o
                0x0000000000107584                refresh
 .text.refreshDB
                0x00000000001075f8       0x80 util.o
                0x00000000001075f8                refreshDB
 .text.update   0x0000000000107678      0x10c util.o
                0x0000000000107678                update
 .text.CHKOffset
                0x0000000000107784       0x68 util.o
                0x0000000000107784                CHKOffset
 .text.CHKLength
                0x00000000001077ec       0x64 util.o
                0x00000000001077ec                CHKLength
 .text.rewriteCHK
                0x0000000000107850      0x134 util.o
                0x0000000000107850                rewriteCHK
 .text.faq      0x0000000000107984      0x214 util.o
                0x0000000000107984                faq
 .text.fsStart  0x0000000000107b98       0x54 util.o
                0x0000000000107b98                fsStart
 .text.fsEnd    0x0000000000107bec       0x38 util.o
                0x0000000000107bec                fsEnd
 .text.openSaveArch
                0x0000000000107c24       0xfc util.o
                0x0000000000107c24                openSaveArch
 .text.http_download
                0x0000000000107d20      0x234 http.o
                0x0000000000107d20                http_download
 .text.getText  0x0000000000107f54       0xd8 http.o
                0x0000000000107f54                getText
 .text.printDistro
                0x000000000010802c      0x118 http.o
                0x000000000010802c                printDistro
 .text.printPSdates
                0x0000000000108144       0x98 http.o
                0x0000000000108144                printPSdates
 .text.downloadFile
                0x00000000001081dc      0x350 http.o
                0x00000000001081dc                downloadFile
 .text.printDB  0x000000000010852c      0xb38 http.o
                0x000000000010852c                printDB
 .text.debug_write
                0x0000000000109064       0x1c /home/jk/devkitPro/libctru/lib/libctru.a(console.o)
                0x0000000000109064                debug_write
 .text.consoleSelect
                0x0000000000109080       0x18 /home/jk/devkitPro/libctru/lib/libctru.a(console.o)
                0x0000000000109080                consoleSelect
 .text.consoleDrawChar
                0x0000000000109098      0x1ac /home/jk/devkitPro/libctru/lib/libctru.a(console.o)
                0x0000000000109098                consoleDrawChar
 .text.consolePrintChar
                0x0000000000109244      0x128 /home/jk/devkitPro/libctru/lib/libctru.a(console.o)
                0x0000000000109244                consolePrintChar
 .text.consoleCls
                0x000000000010936c      0x184 /home/jk/devkitPro/libctru/lib/libctru.a(console.o)
 .text.consoleInit
                0x00000000001094f0       0xf8 /home/jk/devkitPro/libctru/lib/libctru.a(console.o)
                0x00000000001094f0                consoleInit
 .text.consoleClearLine
                0x00000000001095e8      0x138 /home/jk/devkitPro/libctru/lib/libctru.a(console.o)
 .text.newRow   0x0000000000109720       0xc0 /home/jk/devkitPro/libctru/lib/libctru.a(console.o)
 .text.con_write
                0x00000000001097e0      0x86c /home/jk/devkitPro/libctru/lib/libctru.a(console.o)
                0x00000000001097e0                con_write
 .text.srvExit  0x000000000010a04c       0x50 /home/jk/devkitPro/libctru/lib/libctru.a(srv.o)
                0x000000000010a04c                srvExit
 .text.srvRegisterClient
                0x000000000010a09c       0x38 /home/jk/devkitPro/libctru/lib/libctru.a(srv.o)
                0x000000000010a09c                srvRegisterClient
 .text.srvInit  0x000000000010a0d4       0x70 /home/jk/devkitPro/libctru/lib/libctru.a(srv.o)
                0x000000000010a0d4                srvInit
 .text.srvGetServiceHandleDirect
                0x000000000010a144       0x68 /home/jk/devkitPro/libctru/lib/libctru.a(srv.o)
                0x000000000010a144                srvGetServiceHandleDirect
 .text.srvGetServiceHandle
                0x000000000010a1ac       0x38 /home/jk/devkitPro/libctru/lib/libctru.a(srv.o)
                0x000000000010a1ac                srvGetServiceHandle
 .text.gfxSetFramebufferInfo.part.0
                0x000000000010a1e4       0x8c /home/jk/devkitPro/libctru/lib/libctru.a(gfx.o)
 .text.gfxSetScreenFormat
                0x000000000010a270       0x18 /home/jk/devkitPro/libctru/lib/libctru.a(gfx.o)
                0x000000000010a270                gfxSetScreenFormat
 .text.gfxSetDoubleBuffering
                0x000000000010a288       0x14 /home/jk/devkitPro/libctru/lib/libctru.a(gfx.o)
                0x000000000010a288                gfxSetDoubleBuffering
 .text.__get_bytes_per_pixel
                0x000000000010a29c       0x18 /home/jk/devkitPro/libctru/lib/libctru.a(gfx.o)
                0x000000000010a29c                __get_bytes_per_pixel
 .text.gfxSetFramebufferInfo
                0x000000000010a2b4       0x70 /home/jk/devkitPro/libctru/lib/libctru.a(gfx.o)
                0x000000000010a2b4                gfxSetFramebufferInfo
 .text.gfxWriteFramebufferInfo
                0x000000000010a324       0x88 /home/jk/devkitPro/libctru/lib/libctru.a(gfx.o)
                0x000000000010a324                gfxWriteFramebufferInfo
 .text.gfxInit  0x000000000010a3ac      0x1d0 /home/jk/devkitPro/libctru/lib/libctru.a(gfx.o)
                0x000000000010a3ac                gfxInit
 .text.gfxInitDefault
                0x000000000010a57c       0x10 /home/jk/devkitPro/libctru/lib/libctru.a(gfx.o)
                0x000000000010a57c                gfxInitDefault
 .text.gfxExit  0x000000000010a58c       0xe0 /home/jk/devkitPro/libctru/lib/libctru.a(gfx.o)
                0x000000000010a58c                gfxExit
 .text.gfxGetFramebuffer
                0x000000000010a66c       0xb0 /home/jk/devkitPro/libctru/lib/libctru.a(gfx.o)
                0x000000000010a66c                gfxGetFramebuffer
 .text.gfxFlushBuffers
                0x000000000010a71c       0xcc /home/jk/devkitPro/libctru/lib/libctru.a(gfx.o)
                0x000000000010a71c                gfxFlushBuffers
 .text.gfxConfigScreen
                0x000000000010a7e8       0x70 /home/jk/devkitPro/libctru/lib/libctru.a(gfx.o)
                0x000000000010a7e8                gfxConfigScreen
 .text.gfxSwapBuffers
                0x000000000010a858       0x20 /home/jk/devkitPro/libctru/lib/libctru.a(gfx.o)
                0x000000000010a858                gfxSwapBuffers
 .text.gfxSwapBuffersGpu
                0x000000000010a878       0x20 /home/jk/devkitPro/libctru/lib/libctru.a(gfx.o)
                0x000000000010a878                gfxSwapBuffersGpu
 .text.gspEventThreadMain
                0x000000000010a898      0x154 /home/jk/devkitPro/libctru/lib/libctru.a(gspgpu.o)
 .text.gspInit  0x000000000010a9ec       0x74 /home/jk/devkitPro/libctru/lib/libctru.a(gspgpu.o)
                0x000000000010a9ec                gspInit
 .text.gspExit  0x000000000010aa60       0x3c /home/jk/devkitPro/libctru/lib/libctru.a(gspgpu.o)
                0x000000000010aa60                gspExit
 .text.gspInitEventHandler
                0x000000000010aa9c       0x84 /home/jk/devkitPro/libctru/lib/libctru.a(gspgpu.o)
                0x000000000010aa9c                gspInitEventHandler
 .text.gspExitEventHandler
                0x000000000010ab20       0x30 /home/jk/devkitPro/libctru/lib/libctru.a(gspgpu.o)
                0x000000000010ab20                gspExitEventHandler
 .text.gspWaitForEvent
                0x000000000010ab50       0x44 /home/jk/devkitPro/libctru/lib/libctru.a(gspgpu.o)
                0x000000000010ab50                gspWaitForEvent
 .text.GSPGPU_SetBufferSwap
                0x000000000010ab94       0x6c /home/jk/devkitPro/libctru/lib/libctru.a(gspgpu.o)
                0x000000000010ab94                GSPGPU_SetBufferSwap
 .text.GSPGPU_FlushDataCache
                0x000000000010ac00       0x4c /home/jk/devkitPro/libctru/lib/libctru.a(gspgpu.o)
                0x000000000010ac00                GSPGPU_FlushDataCache
 .text.GSPGPU_SetLcdForceBlack
                0x000000000010ac4c       0x34 /home/jk/devkitPro/libctru/lib/libctru.a(gspgpu.o)
                0x000000000010ac4c                GSPGPU_SetLcdForceBlack
 .text.GSPGPU_RegisterInterruptRelayQueue
                0x000000000010ac80       0x64 /home/jk/devkitPro/libctru/lib/libctru.a(gspgpu.o)
                0x000000000010ac80                GSPGPU_RegisterInterruptRelayQueue
 .text.GSPGPU_UnregisterInterruptRelayQueue
                0x000000000010ace4       0x2c /home/jk/devkitPro/libctru/lib/libctru.a(gspgpu.o)
                0x000000000010ace4                GSPGPU_UnregisterInterruptRelayQueue
 .text.GSPGPU_AcquireRight
                0x000000000010ad10       0x48 /home/jk/devkitPro/libctru/lib/libctru.a(gspgpu.o)
                0x000000000010ad10                GSPGPU_AcquireRight
 .text.GSPGPU_ReleaseRight
                0x000000000010ad58       0x2c /home/jk/devkitPro/libctru/lib/libctru.a(gspgpu.o)
                0x000000000010ad58                GSPGPU_ReleaseRight
 .text.GSPGPU_ImportDisplayCaptureInfo
                0x000000000010ad84       0x80 /home/jk/devkitPro/libctru/lib/libctru.a(gspgpu.o)
                0x000000000010ad84                GSPGPU_ImportDisplayCaptureInfo
 .text.GSPGPU_SaveVramSysArea
                0x000000000010ae04       0x2c /home/jk/devkitPro/libctru/lib/libctru.a(gspgpu.o)
                0x000000000010ae04                GSPGPU_SaveVramSysArea
 .text.GSPGPU_RestoreVramSysArea
                0x000000000010ae30       0x2c /home/jk/devkitPro/libctru/lib/libctru.a(gspgpu.o)
                0x000000000010ae30                GSPGPU_RestoreVramSysArea
 .text._aptDebug
                0x000000000010ae5c        0x4 /home/jk/devkitPro/libctru/lib/libctru.a(apt.o)
                0x000000000010ae5c                _aptDebug
 .text.aptSendCommand
                0x000000000010ae60      0x12c /home/jk/devkitPro/libctru/lib/libctru.a(apt.o)
                0x000000000010ae60                aptSendCommand
 .text.aptExitProcess
                0x000000000010af8c       0x3c /home/jk/devkitPro/libctru/lib/libctru.a(apt.o)
 .text.APT_GetProgramID
                0x000000000010afc8       0x3c /home/jk/devkitPro/libctru/lib/libctru.a(apt.o)
                0x000000000010afc8                APT_GetProgramID
 .text.APT_InquireNotification
                0x000000000010b004       0x4c /home/jk/devkitPro/libctru/lib/libctru.a(apt.o)
                0x000000000010b004                APT_InquireNotification
 .text.aptEventHandler
                0x000000000010b050      0x198 /home/jk/devkitPro/libctru/lib/libctru.a(apt.o)
 .text.APT_AppletUtility
                0x000000000010b1e8       0x74 /home/jk/devkitPro/libctru/lib/libctru.a(apt.o)
                0x000000000010b1e8                APT_AppletUtility
 .text.aptSetSleepAllowed
                0x000000000010b25c       0xb0 /home/jk/devkitPro/libctru/lib/libctru.a(apt.o)
                0x000000000010b25c                aptSetSleepAllowed
 .text.APT_GlanceParameter
                0x000000000010b30c       0xb4 /home/jk/devkitPro/libctru/lib/libctru.a(apt.o)
                0x000000000010b30c                APT_GlanceParameter
 .text.APT_ReceiveParameter
                0x000000000010b3c0       0xc0 /home/jk/devkitPro/libctru/lib/libctru.a(apt.o)
                0x000000000010b3c0                APT_ReceiveParameter
 .text.aptReceiveParameter.constprop.1
                0x000000000010b480       0xa8 /home/jk/devkitPro/libctru/lib/libctru.a(apt.o)
 .text.aptScreenTransfer
                0x000000000010b528      0x1e0 /home/jk/devkitPro/libctru/lib/libctru.a(apt.o)
 .text.aptWaitForWakeUp
                0x000000000010b708      0x224 /home/jk/devkitPro/libctru/lib/libctru.a(apt.o)
 .text.APT_CancelParameter
                0x000000000010b92c       0x70 /home/jk/devkitPro/libctru/lib/libctru.a(apt.o)
                0x000000000010b92c                APT_CancelParameter
 .text.aptInit  0x000000000010b99c      0x21c /home/jk/devkitPro/libctru/lib/libctru.a(apt.o)
                0x000000000010b99c                aptInit
 .text.aptClearParamQueue
                0x000000000010bbb8       0x88 /home/jk/devkitPro/libctru/lib/libctru.a(apt.o)
 .text.aptMainLoop
                0x000000000010bc40      0x208 /home/jk/devkitPro/libctru/lib/libctru.a(apt.o)
                0x000000000010bc40                aptMainLoop
 .text.aptExit  0x000000000010be48      0x148 /home/jk/devkitPro/libctru/lib/libctru.a(apt.o)
                0x000000000010be48                aptExit
 .text.APT_CheckNew3DS
                0x000000000010bf90       0x70 /home/jk/devkitPro/libctru/lib/libctru.a(apt.o)
                0x000000000010bf90                APT_CheckNew3DS
 .text.hidExit  0x000000000010c000       0xd8 /home/jk/devkitPro/libctru/lib/libctru.a(hid.o)
                0x000000000010c000                hidExit
 .text.hidScanInput
                0x000000000010c0d8      0x238 /home/jk/devkitPro/libctru/lib/libctru.a(hid.o)
                0x000000000010c0d8                hidScanInput
 .text.hidKeysHeld
                0x000000000010c310       0x10 /home/jk/devkitPro/libctru/lib/libctru.a(hid.o)
                0x000000000010c310                hidKeysHeld
 .text.hidKeysDown
                0x000000000010c320       0x10 /home/jk/devkitPro/libctru/lib/libctru.a(hid.o)
                0x000000000010c320                hidKeysDown
 .text.HIDUSER_GetHandles
                0x000000000010c330       0x90 /home/jk/devkitPro/libctru/lib/libctru.a(hid.o)
                0x000000000010c330                HIDUSER_GetHandles
 .text.hidInit  0x000000000010c3c0      0x184 /home/jk/devkitPro/libctru/lib/libctru.a(hid.o)
                0x000000000010c3c0                hidInit
 .text.fsSessionForArchive.part.0
                0x000000000010c544       0x28 /home/jk/devkitPro/libctru/lib/libctru.a(fs.o)
 .text.fsInit   0x000000000010c56c       0xcc /home/jk/devkitPro/libctru/lib/libctru.a(fs.o)
                0x000000000010c56c                fsInit
 .text.fsExit   0x000000000010c638       0x38 /home/jk/devkitPro/libctru/lib/libctru.a(fs.o)
                0x000000000010c638                fsExit
 .text.fsUseSession
                0x000000000010c670       0x18 /home/jk/devkitPro/libctru/lib/libctru.a(fs.o)
                0x000000000010c670                fsUseSession
 .text.fsEndUseSession
                0x000000000010c688       0x10 /home/jk/devkitPro/libctru/lib/libctru.a(fs.o)
                0x000000000010c688                fsEndUseSession
 .text.fsExemptFromSession
                0x000000000010c698       0x74 /home/jk/devkitPro/libctru/lib/libctru.a(fs.o)
                0x000000000010c698                fsExemptFromSession
 .text.fsUnexemptFromSession
                0x000000000010c70c       0x54 /home/jk/devkitPro/libctru/lib/libctru.a(fs.o)
                0x000000000010c70c                fsUnexemptFromSession
 .text.fsMakePath
                0x000000000010c760       0x88 /home/jk/devkitPro/libctru/lib/libctru.a(fs.o)
                0x000000000010c760                fsMakePath
 .text.FSUSER_Initialize
                0x000000000010c7e8       0x2c /home/jk/devkitPro/libctru/lib/libctru.a(fs.o)
                0x000000000010c7e8                FSUSER_Initialize
 .text.FSUSER_OpenFile
                0x000000000010c814       0xbc /home/jk/devkitPro/libctru/lib/libctru.a(fs.o)
                0x000000000010c814                FSUSER_OpenFile
 .text.FSUSER_DeleteFile
                0x000000000010c8d0       0xa4 /home/jk/devkitPro/libctru/lib/libctru.a(fs.o)
                0x000000000010c8d0                FSUSER_DeleteFile
 .text.FSUSER_RenameFile
                0x000000000010c974       0xe0 /home/jk/devkitPro/libctru/lib/libctru.a(fs.o)
                0x000000000010c974                FSUSER_RenameFile
 .text.FSUSER_DeleteDirectory
                0x000000000010ca54       0xa4 /home/jk/devkitPro/libctru/lib/libctru.a(fs.o)
                0x000000000010ca54                FSUSER_DeleteDirectory
 .text.FSUSER_CreateFile
                0x000000000010caf8       0xbc /home/jk/devkitPro/libctru/lib/libctru.a(fs.o)
                0x000000000010caf8                FSUSER_CreateFile
 .text.FSUSER_CreateDirectory
                0x000000000010cbb4       0xac /home/jk/devkitPro/libctru/lib/libctru.a(fs.o)
                0x000000000010cbb4                FSUSER_CreateDirectory
 .text.FSUSER_RenameDirectory
                0x000000000010cc60       0xe0 /home/jk/devkitPro/libctru/lib/libctru.a(fs.o)
                0x000000000010cc60                FSUSER_RenameDirectory
 .text.FSUSER_OpenDirectory
                0x000000000010cd40       0xa4 /home/jk/devkitPro/libctru/lib/libctru.a(fs.o)
                0x000000000010cd40                FSUSER_OpenDirectory
 .text.FSUSER_OpenArchive
                0x000000000010cde4       0x9c /home/jk/devkitPro/libctru/lib/libctru.a(fs.o)
                0x000000000010cde4                FSUSER_OpenArchive
 .text.FSUSER_ControlArchive
                0x000000000010ce80       0x9c /home/jk/devkitPro/libctru/lib/libctru.a(fs.o)
                0x000000000010ce80                FSUSER_ControlArchive
 .text.FSUSER_CloseArchive
                0x000000000010cf1c       0x74 /home/jk/devkitPro/libctru/lib/libctru.a(fs.o)
                0x000000000010cf1c                FSUSER_CloseArchive
 .text.FSUSER_GetSdmcArchiveResource
                0x000000000010cf90       0x78 /home/jk/devkitPro/libctru/lib/libctru.a(fs.o)
                0x000000000010cf90                FSUSER_GetSdmcArchiveResource
 .text.FSUSER_IsSdmcWritable
                0x000000000010d008       0x64 /home/jk/devkitPro/libctru/lib/libctru.a(fs.o)
                0x000000000010d008                FSUSER_IsSdmcWritable
 .text.FSFILE_Read
                0x000000000010d06c       0x5c /home/jk/devkitPro/libctru/lib/libctru.a(fs.o)
                0x000000000010d06c                FSFILE_Read
 .text.FSFILE_Write
                0x000000000010d0c8       0x64 /home/jk/devkitPro/libctru/lib/libctru.a(fs.o)
                0x000000000010d0c8                FSFILE_Write
 .text.FSFILE_GetSize
                0x000000000010d12c       0x3c /home/jk/devkitPro/libctru/lib/libctru.a(fs.o)
                0x000000000010d12c                FSFILE_GetSize
 .text.FSFILE_SetSize
                0x000000000010d168       0x2c /home/jk/devkitPro/libctru/lib/libctru.a(fs.o)
                0x000000000010d168                FSFILE_SetSize
 .text.FSFILE_Close
                0x000000000010d194       0x3c /home/jk/devkitPro/libctru/lib/libctru.a(fs.o)
                0x000000000010d194                FSFILE_Close
 .text.FSFILE_Flush
                0x000000000010d1d0       0x24 /home/jk/devkitPro/libctru/lib/libctru.a(fs.o)
                0x000000000010d1d0                FSFILE_Flush
 .text.FSDIR_Read
                0x000000000010d1f4       0x54 /home/jk/devkitPro/libctru/lib/libctru.a(fs.o)
                0x000000000010d1f4                FSDIR_Read
 .text.FSDIR_Close
                0x000000000010d248       0x3c /home/jk/devkitPro/libctru/lib/libctru.a(fs.o)
                0x000000000010d248                FSDIR_Close
 .text.httpcInit
                0x000000000010d284      0x188 /home/jk/devkitPro/libctru/lib/libctru.a(httpc.o)
                0x000000000010d284                httpcInit
 .text.httpcExit
                0x000000000010d40c       0x84 /home/jk/devkitPro/libctru/lib/libctru.a(httpc.o)
                0x000000000010d40c                httpcExit
 .text.httpcOpenContext
                0x000000000010d490      0x148 /home/jk/devkitPro/libctru/lib/libctru.a(httpc.o)
                0x000000000010d490                httpcOpenContext
 .text.httpcCloseContext
                0x000000000010d5d8       0x44 /home/jk/devkitPro/libctru/lib/libctru.a(httpc.o)
                0x000000000010d5d8                httpcCloseContext
 .text.httpcAddRequestHeaderField
                0x000000000010d61c       0x80 /home/jk/devkitPro/libctru/lib/libctru.a(httpc.o)
                0x000000000010d61c                httpcAddRequestHeaderField
 .text.httpcBeginRequest
                0x000000000010d69c       0x30 /home/jk/devkitPro/libctru/lib/libctru.a(httpc.o)
                0x000000000010d69c                httpcBeginRequest
 .text.httpcReceiveData
                0x000000000010d6cc       0x44 /home/jk/devkitPro/libctru/lib/libctru.a(httpc.o)
                0x000000000010d6cc                httpcReceiveData
 .text.httpcDownloadData
                0x000000000010d710      0x104 /home/jk/devkitPro/libctru/lib/libctru.a(httpc.o)
                0x000000000010d710                httpcDownloadData
 .text.httpcGetDownloadSizeState
                0x000000000010d814       0x54 /home/jk/devkitPro/libctru/lib/libctru.a(httpc.o)
                0x000000000010d814                httpcGetDownloadSizeState
 .text.httpcGetResponseHeader
                0x000000000010d868       0x78 /home/jk/devkitPro/libctru/lib/libctru.a(httpc.o)
                0x000000000010d868                httpcGetResponseHeader
 .text.httpcGetResponseStatusCode
                0x000000000010d8e0       0x3c /home/jk/devkitPro/libctru/lib/libctru.a(httpc.o)
                0x000000000010d8e0                httpcGetResponseStatusCode
 .text.httpcAddTrustedRootCA
                0x000000000010d91c       0x44 /home/jk/devkitPro/libctru/lib/libctru.a(httpc.o)
                0x000000000010d91c                httpcAddTrustedRootCA
 .text.httpcSetSSLOpt
                0x000000000010d960       0x34 /home/jk/devkitPro/libctru/lib/libctru.a(httpc.o)
                0x000000000010d960                httpcSetSSLOpt
 .text.__libctru_init
                0x000000000010d994       0x38 /home/jk/devkitPro/libctru/lib/libctru.a(initSystem.o)
                0x000000000010d994                __libctru_init
 .text.__ctru_get_reent
                0x000000000010d9cc       0x30 /home/jk/devkitPro/libctru/lib/libctru.a(syscalls.o)
 .text.__system_initSyscalls
                0x000000000010d9fc       0xe8 /home/jk/devkitPro/libctru/lib/libctru.a(syscalls.o)
                0x000000000010d9fc                __system_initSyscalls
 .text.osGetMemRegionSize
                0x000000000010dae4       0x58 /home/jk/devkitPro/libctru/lib/libctru.a(allocateHeaps.o)
 .text.__system_allocateHeaps
                0x000000000010db3c      0x124 /home/jk/devkitPro/libctru/lib/libctru.a(allocateHeaps.o)
                0x000000000010db3c                __system_allocateHeaps
 .text.__system_initArgv
                0x000000000010dc60       0xf4 /home/jk/devkitPro/libctru/lib/libctru.a(initArgv.o)
                0x000000000010dc60                __system_initArgv
 .text.svcControlMemory
                0x000000000010dd54       0x20 /home/jk/devkitPro/libctru/lib/libctru.a(svc.o)
                0x000000000010dd54                svcControlMemory
 .text.svcExitProcess
                0x000000000010dd74        0x8 /home/jk/devkitPro/libctru/lib/libctru.a(svc.o)
                0x000000000010dd74                svcExitProcess
 .text.svcCreateThread
                0x000000000010dd7c       0x20 /home/jk/devkitPro/libctru/lib/libctru.a(svc.o)
                0x000000000010dd7c                svcCreateThread
 .text.svcExitThread
                0x000000000010dd9c        0x8 /home/jk/devkitPro/libctru/lib/libctru.a(svc.o)
                0x000000000010dd9c                svcExitThread
 .text.svcSleepThread
                0x000000000010dda4        0x8 /home/jk/devkitPro/libctru/lib/libctru.a(svc.o)
                0x000000000010dda4                svcSleepThread
 .text.svcReleaseMutex
                0x000000000010ddac        0x8 /home/jk/devkitPro/libctru/lib/libctru.a(svc.o)
                0x000000000010ddac                svcReleaseMutex
 .text.svcCreateEvent
                0x000000000010ddb4       0x14 /home/jk/devkitPro/libctru/lib/libctru.a(svc.o)
                0x000000000010ddb4                svcCreateEvent
 .text.svcSignalEvent
                0x000000000010ddc8        0x8 /home/jk/devkitPro/libctru/lib/libctru.a(svc.o)
                0x000000000010ddc8                svcSignalEvent
 .text.svcClearEvent
                0x000000000010ddd0        0x8 /home/jk/devkitPro/libctru/lib/libctru.a(svc.o)
                0x000000000010ddd0                svcClearEvent
 .text.svcCreateMemoryBlock
                0x000000000010ddd8       0x18 /home/jk/devkitPro/libctru/lib/libctru.a(svc.o)
                0x000000000010ddd8                svcCreateMemoryBlock
 .text.svcMapMemoryBlock
                0x000000000010ddf0        0x8 /home/jk/devkitPro/libctru/lib/libctru.a(svc.o)
                0x000000000010ddf0                svcMapMemoryBlock
 .text.svcUnmapMemoryBlock
                0x000000000010ddf8        0x8 /home/jk/devkitPro/libctru/lib/libctru.a(svc.o)
                0x000000000010ddf8                svcUnmapMemoryBlock
 .text.svcCreateAddressArbiter
                0x000000000010de00       0x14 /home/jk/devkitPro/libctru/lib/libctru.a(svc.o)
                0x000000000010de00                svcCreateAddressArbiter
 .text.svcArbitrateAddress
                0x000000000010de14       0x18 /home/jk/devkitPro/libctru/lib/libctru.a(svc.o)
                0x000000000010de14                svcArbitrateAddress
 .text.svcCloseHandle
                0x000000000010de2c        0x8 /home/jk/devkitPro/libctru/lib/libctru.a(svc.o)
                0x000000000010de2c                svcCloseHandle
 .text.svcWaitSynchronization
                0x000000000010de34        0x8 /home/jk/devkitPro/libctru/lib/libctru.a(svc.o)
                0x000000000010de34                svcWaitSynchronization
 .text.svcWaitSynchronizationN
                0x000000000010de3c       0x28 /home/jk/devkitPro/libctru/lib/libctru.a(svc.o)
                0x000000000010de3c                svcWaitSynchronizationN
 .text.svcDuplicateHandle
                0x000000000010de64       0x14 /home/jk/devkitPro/libctru/lib/libctru.a(svc.o)
                0x000000000010de64                svcDuplicateHandle
 .text.svcGetSystemTick
                0x000000000010de78        0x8 /home/jk/devkitPro/libctru/lib/libctru.a(svc.o)
                0x000000000010de78                svcGetSystemTick
 .text.svcGetSystemInfo
                0x000000000010de80       0x18 /home/jk/devkitPro/libctru/lib/libctru.a(svc.o)
                0x000000000010de80                svcGetSystemInfo
 .text.svcConnectToPort
                0x000000000010de98       0x14 /home/jk/devkitPro/libctru/lib/libctru.a(svc.o)
                0x000000000010de98                svcConnectToPort
 .text.svcSendSyncRequest
                0x000000000010deac        0x8 /home/jk/devkitPro/libctru/lib/libctru.a(svc.o)
                0x000000000010deac                svcSendSyncRequest
 .text.svcBreak
                0x000000000010deb4        0x8 /home/jk/devkitPro/libctru/lib/libctru.a(svc.o)
                0x000000000010deb4                svcBreak
 .text.svcOutputDebugString
                0x000000000010debc        0x8 /home/jk/devkitPro/libctru/lib/libctru.a(svc.o)
                0x000000000010debc                svcOutputDebugString
 .text._ZL21addrMapNodeComparatorPK11rbtree_nodeS1_
                0x000000000010dec4       0x24 /home/jk/devkitPro/libctru/lib/libctru.a(vram.o)
 .text._ZL21addrMapNodeDestructorP11rbtree_node
                0x000000000010dee8        0x4 /home/jk/devkitPro/libctru/lib/libctru.a(vram.o)
 .text.vramMemAlign
                0x000000000010deec      0x130 /home/jk/devkitPro/libctru/lib/libctru.a(vram.o)
                0x000000000010deec                vramMemAlign
 .text.vramAlloc
                0x000000000010e01c        0x8 /home/jk/devkitPro/libctru/lib/libctru.a(vram.o)
                0x000000000010e01c                vramAlloc
 .text.vramFree
                0x000000000010e024       0x50 /home/jk/devkitPro/libctru/lib/libctru.a(vram.o)
                0x000000000010e024                vramFree
 .text._ZL21addrMapNodeComparatorPK11rbtree_nodeS1_
                0x000000000010e074       0x24 /home/jk/devkitPro/libctru/lib/libctru.a(mappable.o)
 .text._ZL21addrMapNodeDestructorP11rbtree_node
                0x000000000010e098        0x4 /home/jk/devkitPro/libctru/lib/libctru.a(mappable.o)
 .text.mappableAlloc
                0x000000000010e09c       0xf4 /home/jk/devkitPro/libctru/lib/libctru.a(mappable.o)
                0x000000000010e09c                mappableAlloc
 .text.mappableFree
                0x000000000010e190       0x50 /home/jk/devkitPro/libctru/lib/libctru.a(mappable.o)
                0x000000000010e190                mappableFree
 .text._ZL21addrMapNodeComparatorPK11rbtree_nodeS1_
                0x000000000010e1e0       0x24 /home/jk/devkitPro/libctru/lib/libctru.a(linear.o)
 .text._ZL21addrMapNodeDestructorP11rbtree_node
                0x000000000010e204        0x4 /home/jk/devkitPro/libctru/lib/libctru.a(linear.o)
 .text.linearMemAlign
                0x000000000010e208      0x140 /home/jk/devkitPro/libctru/lib/libctru.a(linear.o)
                0x000000000010e208                linearMemAlign
 .text.linearAlloc
                0x000000000010e348        0x8 /home/jk/devkitPro/libctru/lib/libctru.a(linear.o)
                0x000000000010e348                linearAlloc
 .text.linearFree
                0x000000000010e350       0x50 /home/jk/devkitPro/libctru/lib/libctru.a(linear.o)
                0x000000000010e350                linearFree
 .text._ZN7MemPool13CoalesceRightEP8MemBlock
                0x000000000010e3a0       0xa0 /home/jk/devkitPro/libctru/lib/libctru.a(mem_pool.o)
                0x000000000010e3a0                MemPool::CoalesceRight(MemBlock*)
 .text._ZN7MemPool8AllocateER8MemChunkmi
                0x000000000010e440      0x18c /home/jk/devkitPro/libctru/lib/libctru.a(mem_pool.o)
                0x000000000010e440                MemPool::Allocate(MemChunk&, unsigned long, int)
 .text._ZN7MemPool10DeallocateERK8MemChunk
                0x000000000010e5cc      0x104 /home/jk/devkitPro/libctru/lib/libctru.a(mem_pool.o)
                0x000000000010e5cc                MemPool::Deallocate(MemChunk const&)
 .text.LightLock_Unlock.part.1
                0x000000000010e6d0       0x34 /home/jk/devkitPro/libctru/lib/libctru.a(synchronization.o)
 .text.__sync_init
                0x000000000010e704        0xc /home/jk/devkitPro/libctru/lib/libctru.a(synchronization.o)
                0x000000000010e704                __sync_init
 .text.__sync_fini
                0x000000000010e710       0x18 /home/jk/devkitPro/libctru/lib/libctru.a(synchronization.o)
                0x000000000010e710                __sync_fini
 .text.__sync_get_arbiter
                0x000000000010e728       0x10 /home/jk/devkitPro/libctru/lib/libctru.a(synchronization.o)
                0x000000000010e728                __sync_get_arbiter
 .text.LightLock_Init
                0x000000000010e738       0x18 /home/jk/devkitPro/libctru/lib/libctru.a(synchronization.o)
                0x000000000010e738                LightLock_Init
 .text.LightLock_Lock
                0x000000000010e750       0x94 /home/jk/devkitPro/libctru/lib/libctru.a(synchronization.o)
                0x000000000010e750                LightLock_Lock
 .text.LightLock_TryLock
                0x000000000010e7e4       0x34 /home/jk/devkitPro/libctru/lib/libctru.a(synchronization.o)
                0x000000000010e7e4                LightLock_TryLock
 .text.LightLock_Unlock
                0x000000000010e818       0x20 /home/jk/devkitPro/libctru/lib/libctru.a(synchronization.o)
                0x000000000010e818                LightLock_Unlock
 .text.RecursiveLock_Init
                0x000000000010e838       0x24 /home/jk/devkitPro/libctru/lib/libctru.a(synchronization.o)
                0x000000000010e838                RecursiveLock_Init
 .text.RecursiveLock_Lock
                0x000000000010e85c       0x30 /home/jk/devkitPro/libctru/lib/libctru.a(synchronization.o)
                0x000000000010e85c                RecursiveLock_Lock
 .text.RecursiveLock_TryLock
                0x000000000010e88c       0x58 /home/jk/devkitPro/libctru/lib/libctru.a(synchronization.o)
                0x000000000010e88c                RecursiveLock_TryLock
 .text.RecursiveLock_Unlock
                0x000000000010e8e4       0x38 /home/jk/devkitPro/libctru/lib/libctru.a(synchronization.o)
                0x000000000010e8e4                RecursiveLock_Unlock
 .text.LightEvent_Init
                0x000000000010e91c       0x38 /home/jk/devkitPro/libctru/lib/libctru.a(synchronization.o)
                0x000000000010e91c                LightEvent_Init
 .text.LightEvent_Clear
                0x000000000010e954       0x7c /home/jk/devkitPro/libctru/lib/libctru.a(synchronization.o)
                0x000000000010e954                LightEvent_Clear
 .text.LightEvent_Signal
                0x000000000010e9d0       0xdc /home/jk/devkitPro/libctru/lib/libctru.a(synchronization.o)
                0x000000000010e9d0                LightEvent_Signal
 .text.LightEvent_Wait
                0x000000000010eaac       0xc8 /home/jk/devkitPro/libctru/lib/libctru.a(synchronization.o)
                0x000000000010eaac                LightEvent_Wait
 .text.envGetHandle
                0x000000000010eb74       0x94 /home/jk/devkitPro/libctru/lib/libctru.a(env.o)
                0x000000000010eb74                envGetHandle
 .text.envDestroyHandles
                0x000000000010ec08       0x4c /home/jk/devkitPro/libctru/lib/libctru.a(env.o)
                0x000000000010ec08                envDestroyHandles
 .text.getSysTime
                0x000000000010ec54       0x58 /home/jk/devkitPro/libctru/lib/libctru.a(os.o)
 .text.osGetMemRegionUsed
                0x000000000010ecac       0x24 /home/jk/devkitPro/libctru/lib/libctru.a(os.o)
                0x000000000010ecac                osGetMemRegionUsed
 .text.__libctru_gtod
                0x000000000010ecd0       0xf8 /home/jk/devkitPro/libctru/lib/libctru.a(os.o)
                0x000000000010ecd0                __libctru_gtod
 .text.__ctru_speedup_config
                0x000000000010edc8       0x34 /home/jk/devkitPro/libctru/lib/libctru.a(os.o)
                0x000000000010edc8                __ctru_speedup_config
 .text.threadCreate
                0x000000000010edfc      0x1c8 /home/jk/devkitPro/libctru/lib/libctru.a(thread.o)
                0x000000000010edfc                threadCreate
 .text.threadJoin
                0x000000000010efc4       0x24 /home/jk/devkitPro/libctru/lib/libctru.a(thread.o)
                0x000000000010efc4                threadJoin
 .text.threadExit
                0x000000000010efe8       0x6c /home/jk/devkitPro/libctru/lib/libctru.a(thread.o)
                0x000000000010efe8                threadExit
 .text._thread_begin
                0x000000000010f054       0x3c /home/jk/devkitPro/libctru/lib/libctru.a(thread.o)
 .text.irrstScanInput
                0x000000000010f090       0xb0 /home/jk/devkitPro/libctru/lib/libctru.a(irrst.o)
                0x000000000010f090                irrstScanInput
 .text.irrstKeysHeld
                0x000000000010f140       0x1c /home/jk/devkitPro/libctru/lib/libctru.a(irrst.o)
                0x000000000010f140                irrstKeysHeld
 .text.IRRST_GetHandles
                0x000000000010f15c       0x50 /home/jk/devkitPro/libctru/lib/libctru.a(irrst.o)
                0x000000000010f15c                IRRST_GetHandles
 .text.irrstInit
                0x000000000010f1ac      0x148 /home/jk/devkitPro/libctru/lib/libctru.a(irrst.o)
                0x000000000010f1ac                irrstInit
 .text.IRRST_Shutdown
                0x000000000010f2f4       0x2c /home/jk/devkitPro/libctru/lib/libctru.a(irrst.o)
                0x000000000010f2f4                IRRST_Shutdown
 .text.irrstExit
                0x000000000010f320       0xb0 /home/jk/devkitPro/libctru/lib/libctru.a(irrst.o)
                0x000000000010f320                irrstExit
 .text.ptmSysmInit
                0x000000000010f3d0       0x70 /home/jk/devkitPro/libctru/lib/libctru.a(ptmsysm.o)
                0x000000000010f3d0                ptmSysmInit
 .text.ptmSysmExit
                0x000000000010f440       0x34 /home/jk/devkitPro/libctru/lib/libctru.a(ptmsysm.o)
                0x000000000010f440                ptmSysmExit
 .text.PTMSYSM_ConfigureNew3DSCPU
                0x000000000010f474       0x34 /home/jk/devkitPro/libctru/lib/libctru.a(ptmsysm.o)
                0x000000000010f474                PTMSYSM_ConfigureNew3DSCPU
 .text.rbtree_init
                0x000000000010f4a8       0x14 /home/jk/devkitPro/libctru/lib/libctru.a(rbtree_init.o)
                0x000000000010f4a8                rbtree_init
 .text.do_insert
                0x000000000010f4bc      0x1d4 /home/jk/devkitPro/libctru/lib/libctru.a(rbtree_insert.o)
 .text.rbtree_insert
                0x000000000010f690        0x8 /home/jk/devkitPro/libctru/lib/libctru.a(rbtree_insert.o)
                0x000000000010f690                rbtree_insert
 .text.rbtree_rotate
                0x000000000010f698       0xac /home/jk/devkitPro/libctru/lib/libctru.a(rbtree_rotate.o)
                0x000000000010f698                rbtree_rotate
 .text.rbtree_remove
                0x000000000010f744      0x35c /home/jk/devkitPro/libctru/lib/libctru.a(rbtree_remove.o)
                0x000000000010f744                rbtree_remove
 .text.rbtree_find
                0x000000000010faa0       0x70 /home/jk/devkitPro/libctru/lib/libctru.a(rbtree_find.o)
                0x000000000010faa0                rbtree_find
 .text.__appInit
                0x000000000010fb10       0x1c /home/jk/devkitPro/libctru/lib/libctru.a(appInit.o)
                0x000000000010fb10                __appInit
 .text.__appExit
                0x000000000010fb2c       0x1c /home/jk/devkitPro/libctru/lib/libctru.a(appExit.o)
                0x000000000010fb2c                __appExit
 .text.__libctru_exit
                0x000000000010fb48       0xa4 /home/jk/devkitPro/libctru/lib/libctru.a(ctru_exit.o)
                0x000000000010fb48                __libctru_exit
 .text.sdmc_link
                0x000000000010fbec       0x10 /home/jk/devkitPro/libctru/lib/libctru.a(sdmc_dev.o)
 .text.sdmc_dirreset
                0x000000000010fbfc       0x10 /home/jk/devkitPro/libctru/lib/libctru.a(sdmc_dev.o)
 .text.sdmc_chmod
                0x000000000010fc0c       0x10 /home/jk/devkitPro/libctru/lib/libctru.a(sdmc_dev.o)
 .text.sdmc_fchmod
                0x000000000010fc1c       0x10 /home/jk/devkitPro/libctru/lib/libctru.a(sdmc_dev.o)
 .text.error_cmp
                0x000000000010fc2c       0x24 /home/jk/devkitPro/libctru/lib/libctru.a(sdmc_dev.o)
 .text.sdmc_translate_error
                0x000000000010fc50       0x50 /home/jk/devkitPro/libctru/lib/libctru.a(sdmc_dev.o)
 .text.sdmc_fsync
                0x000000000010fca0       0x34 /home/jk/devkitPro/libctru/lib/libctru.a(sdmc_dev.o)
 .text.sdmc_ftruncate
                0x000000000010fcd4       0x54 /home/jk/devkitPro/libctru/lib/libctru.a(sdmc_dev.o)
 .text.sdmc_statvfs
                0x000000000010fd28       0xac /home/jk/devkitPro/libctru/lib/libctru.a(sdmc_dev.o)
 .text.sdmc_dirclose
                0x000000000010fdd4       0x38 /home/jk/devkitPro/libctru/lib/libctru.a(sdmc_dev.o)
 .text.sdmc_dirnext
                0x000000000010fe0c      0x13c /home/jk/devkitPro/libctru/lib/libctru.a(sdmc_dev.o)
 .text.sdmc_close
                0x000000000010ff48       0x34 /home/jk/devkitPro/libctru/lib/libctru.a(sdmc_dev.o)
 .text.sdmc_fstat
                0x000000000010ff7c       0x74 /home/jk/devkitPro/libctru/lib/libctru.a(sdmc_dev.o)
 .text.sdmc_seek
                0x000000000010fff0       0xc0 /home/jk/devkitPro/libctru/lib/libctru.a(sdmc_dev.o)
 .text.sdmc_read
                0x00000000001100b0       0x8c /home/jk/devkitPro/libctru/lib/libctru.a(sdmc_dev.o)
 .text.sdmc_write_safe
                0x000000000011013c      0x110 /home/jk/devkitPro/libctru/lib/libctru.a(sdmc_dev.o)
 .text.sdmc_utf16path
                0x000000000011024c      0x1b4 /home/jk/devkitPro/libctru/lib/libctru.a(sdmc_dev.o)
 .text.sdmc_rmdir
                0x0000000000110400       0x74 /home/jk/devkitPro/libctru/lib/libctru.a(sdmc_dev.o)
 .text.sdmc_diropen
                0x0000000000110474       0xa8 /home/jk/devkitPro/libctru/lib/libctru.a(sdmc_dev.o)
 .text.sdmc_chdir
                0x000000000011051c       0xa0 /home/jk/devkitPro/libctru/lib/libctru.a(sdmc_dev.o)
 .text.sdmc_mkdir
                0x00000000001105bc       0x98 /home/jk/devkitPro/libctru/lib/libctru.a(sdmc_dev.o)
 .text.sdmc_rename
                0x0000000000110654      0x108 /home/jk/devkitPro/libctru/lib/libctru.a(sdmc_dev.o)
 .text.sdmc_unlink
                0x000000000011075c       0x74 /home/jk/devkitPro/libctru/lib/libctru.a(sdmc_dev.o)
 .text.sdmc_stat
                0x00000000001107d0      0x108 /home/jk/devkitPro/libctru/lib/libctru.a(sdmc_dev.o)
 .text.sdmc_open
                0x00000000001108d8      0x188 /home/jk/devkitPro/libctru/lib/libctru.a(sdmc_dev.o)
 .text.sdmcInit
                0x0000000000110a60      0x15c /home/jk/devkitPro/libctru/lib/libctru.a(sdmc_dev.o)
                0x0000000000110a60                sdmcInit
 .text.sdmcExit
                0x0000000000110bbc       0x54 /home/jk/devkitPro/libctru/lib/libctru.a(sdmc_dev.o)
                0x0000000000110bbc                sdmcExit
 .text.rbtree_node_next
                0x0000000000110c10       0x8c /home/jk/devkitPro/libctru/lib/libctru.a(rbtree_iterator.o)
                0x0000000000110c10                rbtree_node_next
 .text.utf16_to_utf8
                0x0000000000110c9c       0xe4 /home/jk/devkitPro/libctru/lib/libctru.a(utf16_to_utf8.o)
                0x0000000000110c9c                utf16_to_utf8
 .text.decode_utf16
                0x0000000000110d80       0x60 /home/jk/devkitPro/libctru/lib/libctru.a(decode_utf16.o)
                0x0000000000110d80                decode_utf16
 .text.decode_utf8
                0x0000000000110de0      0x138 /home/jk/devkitPro/libctru/lib/libctru.a(decode_utf8.o)
                0x0000000000110de0                decode_utf8
 .text.utf8_to_utf16
                0x0000000000110f18       0xbc /home/jk/devkitPro/libctru/lib/libctru.a(utf8_to_utf16.o)
                0x0000000000110f18                utf8_to_utf16
 .text.__aeabi_read_tp
                0x0000000000110fd4        0xc /home/jk/devkitPro/libctru/lib/libctru.a(readtp.o)
                0x0000000000110fd4                __aeabi_read_tp
 .text.encode_utf16
                0x0000000000110fe0       0x68 /home/jk/devkitPro/libctru/lib/libctru.a(encode_utf16.o)
                0x0000000000110fe0                encode_utf16
 .text.encode_utf8
                0x0000000000111048      0x104 /home/jk/devkitPro/libctru/lib/libctru.a(encode_utf8.o)
                0x0000000000111048                encode_utf8
 *fill*         0x000000000011114c        0x4 
 .text.pow      0x0000000000111150      0x3b8 /home/jk/devkitPro/devkitARM/bin/../lib/gcc/arm-none-eabi/5.3.0/../../../../arm-none-eabi/lib/armv6k/fpu/libm.a(lib_a-w_pow.o)
                0x0000000000111150                pow
 .text.sqrt     0x0000000000111508      0x110 /home/jk/devkitPro/devkitARM/bin/../lib/gcc/arm-none-eabi/5.3.0/../../../../arm-none-eabi/lib/armv6k/fpu/libm.a(lib_a-w_sqrt.o)
                0x0000000000111508                sqrt
 .text.__ieee754_pow
                0x0000000000111618      0x8c8 /home/jk/devkitPro/devkitARM/bin/../lib/gcc/arm-none-eabi/5.3.0/../../../../arm-none-eabi/lib/armv6k/fpu/libm.a(lib_a-e_pow.o)
                0x0000000000111618                __ieee754_pow
 .text.__ieee754_sqrt
                0x0000000000111ee0      0x214 /home/jk/devkitPro/devkitARM/bin/../lib/gcc/arm-none-eabi/5.3.0/../../../../arm-none-eabi/lib/armv6k/fpu/libm.a(lib_a-e_sqrt.o)
                0x0000000000111ee0                __ieee754_sqrt
 .text.fabs     0x00000000001120f4       0x10 /home/jk/devkitPro/devkitARM/bin/../lib/gcc/arm-none-eabi/5.3.0/../../../../arm-none-eabi/lib/armv6k/fpu/libm.a(lib_a-s_fabs.o)
                0x00000000001120f4                fabs
 .text.finite   0x0000000000112104       0x14 /home/jk/devkitPro/devkitARM/bin/../lib/gcc/arm-none-eabi/5.3.0/../../../../arm-none-eabi/lib/armv6k/fpu/libm.a(lib_a-s_finite.o)
                0x0000000000112104                finite
 .text.__fpclassifyd
                0x0000000000112118       0x74 /home/jk/devkitPro/devkitARM/bin/../lib/gcc/arm-none-eabi/5.3.0/../../../../arm-none-eabi/lib/armv6k/fpu/libm.a(lib_a-s_fpclassify.o)
                0x0000000000112118                __fpclassifyd
 .text.matherr  0x000000000011218c        0x8 /home/jk/devkitPro/devkitARM/bin/../lib/gcc/arm-none-eabi/5.3.0/../../../../arm-none-eabi/lib/armv6k/fpu/libm.a(lib_a-s_matherr.o)
                0x000000000011218c                matherr
 *fill*         0x0000000000112194        0x4 
 .text.nan      0x0000000000112198       0x10 /home/jk/devkitPro/devkitARM/bin/../lib/gcc/arm-none-eabi/5.3.0/../../../../arm-none-eabi/lib/armv6k/fpu/libm.a(lib_a-s_nan.o)
                0x0000000000112198                nan
 .text.rint     0x00000000001121a8      0x16c /home/jk/devkitPro/devkitARM/bin/../lib/gcc/arm-none-eabi/5.3.0/../../../../arm-none-eabi/lib/armv6k/fpu/libm.a(lib_a-s_rint.o)
                0x00000000001121a8                rint
 *fill*         0x0000000000112314        0x4 
 .text.scalbn   0x0000000000112318      0x188 /home/jk/devkitPro/devkitARM/bin/../lib/gcc/arm-none-eabi/5.3.0/../../../../arm-none-eabi/lib/armv6k/fpu/libm.a(lib_a-s_scalbn.o)
                0x0000000000112318                scalbn
 .text.copysign
                0x00000000001124a0       0x1c /home/jk/devkitPro/devkitARM/bin/../lib/gcc/arm-none-eabi/5.3.0/../../../../arm-none-eabi/lib/armv6k/fpu/libm.a(lib_a-s_copysign.o)
                0x00000000001124a0                copysign
 .text.bsearch  0x00000000001124bc       0x78 /home/jk/devkitPro/devkitARM/bin/../lib/gcc/arm-none-eabi/5.3.0/../../../../arm-none-eabi/lib/armv6k/fpu/libg.a(lib_a-bsearch.o)
                0x00000000001124bc                bsearch
 .text.calloc   0x0000000000112534       0x20 /home/jk/devkitPro/devkitARM/bin/../lib/gcc/arm-none-eabi/5.3.0/../../../../arm-none-eabi/lib/armv6k/fpu/libg.a(lib_a-calloc.o)
                0x0000000000112534                calloc
 .text._calloc_r
                0x0000000000112554       0x90 /home/jk/devkitPro/devkitARM/bin/../lib/gcc/arm-none-eabi/5.3.0/../../../../arm-none-eabi/lib/armv6k/fpu/libg.a(lib_a-callocr.o)
                0x0000000000112554                _calloc_r
 .text.__errno  0x00000000001125e4        0xc /home/jk/devkitPro/devkitARM/bin/../lib/gcc/arm-none-eabi/5.3.0/../../../../arm-none-eabi/lib/armv6k/fpu/libg.a(lib_a-errno.o)
                0x00000000001125e4                __errno
 .text._fclose_r
                0x00000000001125f0      0x120 /home/jk/devkitPro/devkitARM/bin/../lib/gcc/arm-none-eabi/5.3.0/../../../../arm-none-eabi/lib/armv6k/fpu/libg.a(lib_a-fclose.o)
                0x00000000001125f0                _fclose_r
 .text.fclose   0x0000000000112710       0x18 /home/jk/devkitPro/devkitARM/bin/../lib/gcc/arm-none-eabi/5.3.0/../../../../arm-none-eabi/lib/armv6k/fpu/libg.a(lib_a-fclose.o)
                0x0000000000112710                fclose
 .text.__sflush_r
                0x0000000000112728      0x230 /home/jk/devkitPro/devkitARM/bin/../lib/gcc/arm-none-eabi/5.3.0/../../../../arm-none-eabi/lib/armv6k/fpu/libg.a(lib_a-fflush.o)
                0x0000000000112728                __sflush_r
 .text._fflush_r
                0x0000000000112958       0x90 /home/jk/devkitPro/devkitARM/bin/../lib/gcc/arm-none-eabi/5.3.0/../../../../arm-none-eabi/lib/armv6k/fpu/libg.a(lib_a-fflush.o)
                0x0000000000112958                _fflush_r
 .text.fflush   0x00000000001129e8       0x38 /home/jk/devkitPro/devkitARM/bin/../lib/gcc/arm-none-eabi/5.3.0/../../../../arm-none-eabi/lib/armv6k/fpu/libg.a(lib_a-fflush.o)
                0x00000000001129e8                fflush
 .text._cleanup_r
                0x0000000000112a20        0xc /home/jk/devkitPro/devkitARM/bin/../lib/gcc/arm-none-eabi/5.3.0/../../../../arm-none-eabi/lib/armv6k/fpu/libg.a(lib_a-findfp.o)
                0x0000000000112a20                _cleanup_r
 .text.std.isra.0
                0x0000000000112a2c       0x80 /home/jk/devkitPro/devkitARM/bin/../lib/gcc/arm-none-eabi/5.3.0/../../../../arm-none-eabi/lib/armv6k/fpu/libg.a(lib_a-findfp.o)
 .text.__sfmoreglue
                0x0000000000112aac       0x48 /home/jk/devkitPro/devkitARM/bin/../lib/gcc/arm-none-eabi/5.3.0/../../../../arm-none-eabi/lib/armv6k/fpu/libg.a(lib_a-findfp.o)
                0x0000000000112aac                __sfmoreglue
 .text.__sinit  0x0000000000112af4       0x8c /home/jk/devkitPro/devkitARM/bin/../lib/gcc/arm-none-eabi/5.3.0/../../../../arm-none-eabi/lib/armv6k/fpu/libg.a(lib_a-findfp.o)
                0x0000000000112af4                __sinit
 .text.__sfp    0x0000000000112b80      0x11c /home/jk/devkitPro/devkitARM/bin/../lib/gcc/arm-none-eabi/5.3.0/../../../../arm-none-eabi/lib/armv6k/fpu/libg.a(lib_a-findfp.o)
                0x0000000000112b80                __sfp
 .text.__sfp_lock_acquire
                0x0000000000112c9c        0xc /home/jk/devkitPro/devkitARM/bin/../lib/gcc/arm-none-eabi/5.3.0/../../../../arm-none-eabi/lib/armv6k/fpu/libg.a(lib_a-findfp.o)
                0x0000000000112c9c                __sfp_lock_acquire
 .text.__sfp_lock_release
                0x0000000000112ca8        0xc /home/jk/devkitPro/devkitARM/bin/../lib/gcc/arm-none-eabi/5.3.0/../../../../arm-none-eabi/lib/armv6k/fpu/libg.a(lib_a-findfp.o)
                0x0000000000112ca8                __sfp_lock_release
 .text.__libc_fini_array
                0x0000000000112cb4       0x3c /home/jk/devkitPro/devkitARM/bin/../lib/gcc/arm-none-eabi/5.3.0/../../../../arm-none-eabi/lib/armv6k/fpu/libg.a(lib_a-fini.o)
                0x0000000000112cb4                __libc_fini_array
 .text._fopen_r
                0x0000000000112cf0      0x13c /home/jk/devkitPro/devkitARM/bin/../lib/gcc/arm-none-eabi/5.3.0/../../../../arm-none-eabi/lib/armv6k/fpu/libg.a(lib_a-fopen.o)
                0x0000000000112cf0                _fopen_r
 .text.fopen    0x0000000000112e2c       0x20 /home/jk/devkitPro/devkitARM/bin/../lib/gcc/arm-none-eabi/5.3.0/../../../../arm-none-eabi/lib/armv6k/fpu/libg.a(lib_a-fopen.o)
                0x0000000000112e2c                fopen
 .text._malloc_trim_r
                0x0000000000112e4c       0xf8 /home/jk/devkitPro/devkitARM/bin/../lib/gcc/arm-none-eabi/5.3.0/../../../../arm-none-eabi/lib/armv6k/fpu/libg.a(lib_a-freer.o)
                0x0000000000112e4c                _malloc_trim_r
 .text._free_r  0x0000000000112f44      0x2e4 /home/jk/devkitPro/devkitARM/bin/../lib/gcc/arm-none-eabi/5.3.0/../../../../arm-none-eabi/lib/armv6k/fpu/libg.a(lib_a-freer.o)
                0x0000000000112f44                _free_r
 .text._fseek_r
                0x0000000000113228        0x4 /home/jk/devkitPro/devkitARM/bin/../lib/gcc/arm-none-eabi/5.3.0/../../../../arm-none-eabi/lib/armv6k/fpu/libg.a(lib_a-fseek.o)
                0x0000000000113228                _fseek_r
 .text._fseeko_r
                0x000000000011322c      0x4f8 /home/jk/devkitPro/devkitARM/bin/../lib/gcc/arm-none-eabi/5.3.0/../../../../arm-none-eabi/lib/armv6k/fpu/libg.a(lib_a-fseeko.o)
                0x000000000011322c                _fseeko_r
 .text._fwalk   0x0000000000113724       0x78 /home/jk/devkitPro/devkitARM/bin/../lib/gcc/arm-none-eabi/5.3.0/../../../../arm-none-eabi/lib/armv6k/fpu/libg.a(lib_a-fwalk.o)
                0x0000000000113724                _fwalk
 .text._fwalk_reent
                0x000000000011379c       0x80 /home/jk/devkitPro/devkitARM/bin/../lib/gcc/arm-none-eabi/5.3.0/../../../../arm-none-eabi/lib/armv6k/fpu/libg.a(lib_a-fwalk.o)
                0x000000000011379c                _fwalk_reent
 .text._fwrite_r
                0x000000000011381c      0x118 /home/jk/devkitPro/devkitARM/bin/../lib/gcc/arm-none-eabi/5.3.0/../../../../arm-none-eabi/lib/armv6k/fpu/libg.a(lib_a-fwrite.o)
                0x000000000011381c                _fwrite_r
 .text.fwrite   0x0000000000113934       0x38 /home/jk/devkitPro/devkitARM/bin/../lib/gcc/arm-none-eabi/5.3.0/../../../../arm-none-eabi/lib/armv6k/fpu/libg.a(lib_a-fwrite.o)
                0x0000000000113934                fwrite
 .text.__libc_init_array
                0x000000000011396c       0x78 /home/jk/devkitPro/devkitARM/bin/../lib/gcc/arm-none-eabi/5.3.0/../../../../arm-none-eabi/lib/armv6k/fpu/libg.a(lib_a-init.o)
                0x000000000011396c                __libc_init_array
 .text.__smakebuf_r
                0x00000000001139e4      0x160 /home/jk/devkitPro/devkitARM/bin/../lib/gcc/arm-none-eabi/5.3.0/../../../../arm-none-eabi/lib/armv6k/fpu/libg.a(lib_a-makebuf.o)
                0x00000000001139e4                __smakebuf_r
 .text.memalign
                0x0000000000113b44       0x20 /home/jk/devkitPro/devkitARM/bin/../lib/gcc/arm-none-eabi/5.3.0/../../../../arm-none-eabi/lib/armv6k/fpu/libg.a(lib_a-malign.o)
                0x0000000000113b44                memalign
 .text._memalign_r
                0x0000000000113b64      0x15c /home/jk/devkitPro/devkitARM/bin/../lib/gcc/arm-none-eabi/5.3.0/../../../../arm-none-eabi/lib/armv6k/fpu/libg.a(lib_a-malignr.o)
                0x0000000000113b64                _memalign_r
 .text.malloc   0x0000000000113cc0       0x18 /home/jk/devkitPro/devkitARM/bin/../lib/gcc/arm-none-eabi/5.3.0/../../../../arm-none-eabi/lib/armv6k/fpu/libg.a(lib_a-malloc.o)
                0x0000000000113cc0                malloc
 .text.free     0x0000000000113cd8       0x18 /home/jk/devkitPro/devkitARM/bin/../lib/gcc/arm-none-eabi/5.3.0/../../../../arm-none-eabi/lib/armv6k/fpu/libg.a(lib_a-malloc.o)
                0x0000000000113cd8                free
 .text._malloc_r
                0x0000000000113cf0      0x7a8 /home/jk/devkitPro/devkitARM/bin/../lib/gcc/arm-none-eabi/5.3.0/../../../../arm-none-eabi/lib/armv6k/fpu/libg.a(lib_a-mallocr.o)
                0x0000000000113cf0                _malloc_r
 .text.memcpy   0x0000000000114498       0xf0 /home/jk/devkitPro/devkitARM/bin/../lib/gcc/arm-none-eabi/5.3.0/../../../../arm-none-eabi/lib/armv6k/fpu/libg.a(lib_a-memcpy.o)
                0x0000000000114498                memcpy
 .text.memset   0x0000000000114588       0xf4 /home/jk/devkitPro/devkitARM/bin/../lib/gcc/arm-none-eabi/5.3.0/../../../../arm-none-eabi/lib/armv6k/fpu/libg.a(lib_a-memset.o)
                0x0000000000114588                memset
 .text.__malloc_lock
                0x000000000011467c        0xc /home/jk/devkitPro/devkitARM/bin/../lib/gcc/arm-none-eabi/5.3.0/../../../../arm-none-eabi/lib/armv6k/fpu/libg.a(lib_a-mlock.o)
                0x000000000011467c                __malloc_lock
 .text.__malloc_unlock
                0x0000000000114688        0xc /home/jk/devkitPro/devkitARM/bin/../lib/gcc/arm-none-eabi/5.3.0/../../../../arm-none-eabi/lib/armv6k/fpu/libg.a(lib_a-mlock.o)
                0x0000000000114688                __malloc_unlock
 .text.printf   0x0000000000114694       0x38 /home/jk/devkitPro/devkitARM/bin/../lib/gcc/arm-none-eabi/5.3.0/../../../../arm-none-eabi/lib/armv6k/fpu/libg.a(lib_a-printf.o)
                0x0000000000114694                printf
 .text._puts_r  0x00000000001146cc       0xec /home/jk/devkitPro/devkitARM/bin/../lib/gcc/arm-none-eabi/5.3.0/../../../../arm-none-eabi/lib/armv6k/fpu/libg.a(lib_a-puts.o)
                0x00000000001146cc                _puts_r
 .text.puts     0x00000000001147b8       0x18 /home/jk/devkitPro/devkitARM/bin/../lib/gcc/arm-none-eabi/5.3.0/../../../../arm-none-eabi/lib/armv6k/fpu/libg.a(lib_a-puts.o)
                0x00000000001147b8                puts
 .text.lflush   0x00000000001147d0       0x1c /home/jk/devkitPro/devkitARM/bin/../lib/gcc/arm-none-eabi/5.3.0/../../../../arm-none-eabi/lib/armv6k/fpu/libg.a(lib_a-refill.o)
 .text.__srefill_r
                0x00000000001147ec      0x1d8 /home/jk/devkitPro/devkitARM/bin/../lib/gcc/arm-none-eabi/5.3.0/../../../../arm-none-eabi/lib/armv6k/fpu/libg.a(lib_a-refill.o)
                0x00000000001147ec                __srefill_r
 .text.remove   0x00000000001149c4       0x28 /home/jk/devkitPro/devkitARM/bin/../lib/gcc/arm-none-eabi/5.3.0/../../../../arm-none-eabi/lib/armv6k/fpu/libg.a(lib_a-remove.o)
                0x00000000001149c4                remove
 .text.setvbuf  0x00000000001149ec      0x1fc /home/jk/devkitPro/devkitARM/bin/../lib/gcc/arm-none-eabi/5.3.0/../../../../arm-none-eabi/lib/armv6k/fpu/libg.a(lib_a-setvbuf.o)
                0x00000000001149ec                setvbuf
 .text.snprintf
                0x0000000000114be8       0xe0 /home/jk/devkitPro/devkitARM/bin/../lib/gcc/arm-none-eabi/5.3.0/../../../../arm-none-eabi/lib/armv6k/fpu/libg.a(lib_a-snprintf.o)
                0x0000000000114be8                snprintf
 .text.sscanf   0x0000000000114cc8       0x74 /home/jk/devkitPro/devkitARM/bin/../lib/gcc/arm-none-eabi/5.3.0/../../../../arm-none-eabi/lib/armv6k/fpu/libg.a(lib_a-sscanf.o)
                0x0000000000114cc8                sscanf
 .text.__sread  0x0000000000114d3c       0x30 /home/jk/devkitPro/devkitARM/bin/../lib/gcc/arm-none-eabi/5.3.0/../../../../arm-none-eabi/lib/armv6k/fpu/libg.a(lib_a-stdio.o)
                0x0000000000114d3c                __sread
 .text.__seofread
                0x0000000000114d6c        0x8 /home/jk/devkitPro/devkitARM/bin/../lib/gcc/arm-none-eabi/5.3.0/../../../../arm-none-eabi/lib/armv6k/fpu/libg.a(lib_a-stdio.o)
                0x0000000000114d6c                __seofread
 .text.__swrite
                0x0000000000114d74       0x54 /home/jk/devkitPro/devkitARM/bin/../lib/gcc/arm-none-eabi/5.3.0/../../../../arm-none-eabi/lib/armv6k/fpu/libg.a(lib_a-stdio.o)
                0x0000000000114d74                __swrite
 .text.__sseek  0x0000000000114dc8       0x2c /home/jk/devkitPro/devkitARM/bin/../lib/gcc/arm-none-eabi/5.3.0/../../../../arm-none-eabi/lib/armv6k/fpu/libg.a(lib_a-stdio.o)
                0x0000000000114dc8                __sseek
 .text.__sclose
                0x0000000000114df4        0x8 /home/jk/devkitPro/devkitARM/bin/../lib/gcc/arm-none-eabi/5.3.0/../../../../arm-none-eabi/lib/armv6k/fpu/libg.a(lib_a-stdio.o)
                0x0000000000114df4                __sclose
 .text.strchr   0x0000000000114dfc      0x15c /home/jk/devkitPro/devkitARM/bin/../lib/gcc/arm-none-eabi/5.3.0/../../../../arm-none-eabi/lib/armv6k/fpu/libg.a(lib_a-strchr.o)
                0x0000000000114dfc                strchr
 .text.strlen   0x0000000000114f58       0x5c /home/jk/devkitPro/devkitARM/bin/../lib/gcc/arm-none-eabi/5.3.0/../../../../arm-none-eabi/lib/armv6k/fpu/libg.a(lib_a-strlen.o)
                0x0000000000114f58                strlen
 .text.strncat  0x0000000000114fb4       0xa4 /home/jk/devkitPro/devkitARM/bin/../lib/gcc/arm-none-eabi/5.3.0/../../../../arm-none-eabi/lib/armv6k/fpu/libg.a(lib_a-strncat.o)
                0x0000000000114fb4                strncat
 .text.strncpy  0x0000000000115058       0xe0 /home/jk/devkitPro/devkitARM/bin/../lib/gcc/arm-none-eabi/5.3.0/../../../../arm-none-eabi/lib/armv6k/fpu/libg.a(lib_a-strncpy.o)
                0x0000000000115058                strncpy
 .text.get_arg  0x0000000000115138     0x161c /home/jk/devkitPro/devkitARM/bin/../lib/gcc/arm-none-eabi/5.3.0/../../../../arm-none-eabi/lib/armv6k/fpu/libg.a(lib_a-svfprintf.o)
 *fill*         0x0000000000116754        0x4 
 .text._svfprintf_r
                0x0000000000116758     0x4a00 /home/jk/devkitPro/devkitARM/bin/../lib/gcc/arm-none-eabi/5.3.0/../../../../arm-none-eabi/lib/armv6k/fpu/libg.a(lib_a-svfprintf.o)
                0x0000000000116758                _svfprintf_r
 .text.__ssvfscanf_r
                0x000000000011b158     0x2c20 /home/jk/devkitPro/devkitARM/bin/../lib/gcc/arm-none-eabi/5.3.0/../../../../arm-none-eabi/lib/armv6k/fpu/libg.a(lib_a-svfscanf.o)
                0x000000000011b158                __ssvfscanf_r
 .text.__sprint_r.part.0
                0x000000000011dd78       0xa4 /home/jk/devkitPro/devkitARM/bin/../lib/gcc/arm-none-eabi/5.3.0/../../../../arm-none-eabi/lib/armv6k/fpu/libg.a(lib_a-vfiprintf.o)
 .text.__sprint_r
                0x000000000011de1c       0x1c /home/jk/devkitPro/devkitARM/bin/../lib/gcc/arm-none-eabi/5.3.0/../../../../arm-none-eabi/lib/armv6k/fpu/libg.a(lib_a-vfiprintf.o)
                0x000000000011de1c                __sprint_r
 .text.get_arg  0x000000000011de38     0x161c /home/jk/devkitPro/devkitARM/bin/../lib/gcc/arm-none-eabi/5.3.0/../../../../arm-none-eabi/lib/armv6k/fpu/libg.a(lib_a-vfprintf.o)
 *fill*         0x000000000011f454        0x4 
 .text._vfprintf_r
                0x000000000011f458     0x4878 /home/jk/devkitPro/devkitARM/bin/../lib/gcc/arm-none-eabi/5.3.0/../../../../arm-none-eabi/lib/armv6k/fpu/libg.a(lib_a-vfprintf.o)
                0x000000000011f458                _vfprintf_r
 .text.__sbprintf
                0x0000000000123cd0       0xcc /home/jk/devkitPro/devkitARM/bin/../lib/gcc/arm-none-eabi/5.3.0/../../../../arm-none-eabi/lib/armv6k/fpu/libg.a(lib_a-vfprintf.o)
 .text._wcrtomb_r
                0x0000000000123d9c       0x8c /home/jk/devkitPro/devkitARM/bin/../lib/gcc/arm-none-eabi/5.3.0/../../../../arm-none-eabi/lib/armv6k/fpu/libg.a(lib_a-wcrtomb.o)
                0x0000000000123d9c                _wcrtomb_r
 .text._wcsrtombs_r
                0x0000000000123e28       0x20 /home/jk/devkitPro/devkitARM/bin/../lib/gcc/arm-none-eabi/5.3.0/../../../../arm-none-eabi/lib/armv6k/fpu/libg.a(lib_a-wcsrtombs.o)
                0x0000000000123e28                _wcsrtombs_r
 .text.__utf8_wctomb
                0x0000000000123e48      0x114 /home/jk/devkitPro/devkitARM/bin/../lib/gcc/arm-none-eabi/5.3.0/../../../../arm-none-eabi/lib/armv6k/fpu/libg.a(lib_a-wctomb_r.o)
                0x0000000000123e48                __utf8_wctomb
 .text.__swsetup_r
                0x0000000000123f5c      0x148 /home/jk/devkitPro/devkitARM/bin/../lib/gcc/arm-none-eabi/5.3.0/../../../../arm-none-eabi/lib/armv6k/fpu/libg.a(lib_a-wsetup.o)
                0x0000000000123f5c                __swsetup_r
 .text.quorem   0x00000000001240a4      0x1bc /home/jk/devkitPro/devkitARM/bin/../lib/gcc/arm-none-eabi/5.3.0/../../../../arm-none-eabi/lib/armv6k/fpu/libg.a(lib_a-dtoa.o)
 .text._dtoa_r  0x0000000000124260     0x12c8 /home/jk/devkitPro/devkitARM/bin/../lib/gcc/arm-none-eabi/5.3.0/../../../../arm-none-eabi/lib/armv6k/fpu/libg.a(lib_a-dtoa.o)
                0x0000000000124260                _dtoa_r
 .text.__sflags
                0x0000000000125528       0xb0 /home/jk/devkitPro/devkitARM/bin/../lib/gcc/arm-none-eabi/5.3.0/../../../../arm-none-eabi/lib/armv6k/fpu/libg.a(lib_a-flags.o)
                0x0000000000125528                __sflags
 .text.__fputwc
                0x00000000001255d8      0x124 /home/jk/devkitPro/devkitARM/bin/../lib/gcc/arm-none-eabi/5.3.0/../../../../arm-none-eabi/lib/armv6k/fpu/libg.a(lib_a-fputwc.o)
                0x00000000001255d8                __fputwc
 .text._fputwc_r
                0x00000000001256fc       0xa8 /home/jk/devkitPro/devkitARM/bin/../lib/gcc/arm-none-eabi/5.3.0/../../../../arm-none-eabi/lib/armv6k/fpu/libg.a(lib_a-fputwc.o)
                0x00000000001256fc                _fputwc_r
 .text.__sfvwrite_r
                0x00000000001257a4      0x4a4 /home/jk/devkitPro/devkitARM/bin/../lib/gcc/arm-none-eabi/5.3.0/../../../../arm-none-eabi/lib/armv6k/fpu/libg.a(lib_a-fvwrite.o)
                0x00000000001257a4                __sfvwrite_r
 .text.iswspace
                0x0000000000125c48       0x74 /home/jk/devkitPro/devkitARM/bin/../lib/gcc/arm-none-eabi/5.3.0/../../../../arm-none-eabi/lib/armv6k/fpu/libg.a(lib_a-iswspace.o)
                0x0000000000125c48                iswspace
 .text.__jp2uc  0x0000000000125cbc      0x204 /home/jk/devkitPro/devkitARM/bin/../lib/gcc/arm-none-eabi/5.3.0/../../../../arm-none-eabi/lib/armv6k/fpu/libg.a(lib_a-jp2uc.o)
 .text._jp2uc   0x0000000000125ec0       0x84 /home/jk/devkitPro/devkitARM/bin/../lib/gcc/arm-none-eabi/5.3.0/../../../../arm-none-eabi/lib/armv6k/fpu/libg.a(lib_a-jp2uc.o)
                0x0000000000125ec0                _jp2uc
 .text.__locale_charset
                0x0000000000125f44        0xc /home/jk/devkitPro/devkitARM/bin/../lib/gcc/arm-none-eabi/5.3.0/../../../../arm-none-eabi/lib/armv6k/fpu/libg.a(lib_a-locale.o)
                0x0000000000125f44                __locale_charset
 .text.__locale_mb_cur_max
                0x0000000000125f50       0x10 /home/jk/devkitPro/devkitARM/bin/../lib/gcc/arm-none-eabi/5.3.0/../../../../arm-none-eabi/lib/armv6k/fpu/libg.a(lib_a-locale.o)
                0x0000000000125f50                __locale_mb_cur_max
 .text._localeconv_r
                0x0000000000125f60        0xc /home/jk/devkitPro/devkitARM/bin/../lib/gcc/arm-none-eabi/5.3.0/../../../../arm-none-eabi/lib/armv6k/fpu/libg.a(lib_a-locale.o)
                0x0000000000125f60                _localeconv_r
 .text._mbrtowc_r
                0x0000000000125f6c       0x98 /home/jk/devkitPro/devkitARM/bin/../lib/gcc/arm-none-eabi/5.3.0/../../../../arm-none-eabi/lib/armv6k/fpu/libg.a(lib_a-mbrtowc.o)
                0x0000000000125f6c                _mbrtowc_r
 .text.__utf8_mbtowc
                0x0000000000126004      0x2fc /home/jk/devkitPro/devkitARM/bin/../lib/gcc/arm-none-eabi/5.3.0/../../../../arm-none-eabi/lib/armv6k/fpu/libg.a(lib_a-mbtowc_r.o)
                0x0000000000126004                __utf8_mbtowc
 .text.memchr   0x0000000000126300      0x100 /home/jk/devkitPro/devkitARM/bin/../lib/gcc/arm-none-eabi/5.3.0/../../../../arm-none-eabi/lib/armv6k/fpu/libg.a(lib_a-memchr.o)
                0x0000000000126300                memchr
 .text.memmove  0x0000000000126400      0x128 /home/jk/devkitPro/devkitARM/bin/../lib/gcc/arm-none-eabi/5.3.0/../../../../arm-none-eabi/lib/armv6k/fpu/libg.a(lib_a-memmove.o)
                0x0000000000126400                memmove
 .text._Balloc  0x0000000000126528       0x8c /home/jk/devkitPro/devkitARM/bin/../lib/gcc/arm-none-eabi/5.3.0/../../../../arm-none-eabi/lib/armv6k/fpu/libg.a(lib_a-mprec.o)
                0x0000000000126528                _Balloc
 .text._Bfree   0x00000000001265b4       0x1c /home/jk/devkitPro/devkitARM/bin/../lib/gcc/arm-none-eabi/5.3.0/../../../../arm-none-eabi/lib/armv6k/fpu/libg.a(lib_a-mprec.o)
                0x00000000001265b4                _Bfree
 .text.__multadd
                0x00000000001265d0       0xd0 /home/jk/devkitPro/devkitARM/bin/../lib/gcc/arm-none-eabi/5.3.0/../../../../arm-none-eabi/lib/armv6k/fpu/libg.a(lib_a-mprec.o)
                0x00000000001265d0                __multadd
 .text.__s2b    0x00000000001266a0       0xe4 /home/jk/devkitPro/devkitARM/bin/../lib/gcc/arm-none-eabi/5.3.0/../../../../arm-none-eabi/lib/armv6k/fpu/libg.a(lib_a-mprec.o)
                0x00000000001266a0                __s2b
 .text.__hi0bits
                0x0000000000126784       0x5c /home/jk/devkitPro/devkitARM/bin/../lib/gcc/arm-none-eabi/5.3.0/../../../../arm-none-eabi/lib/armv6k/fpu/libg.a(lib_a-mprec.o)
                0x0000000000126784                __hi0bits
 .text.__lo0bits
                0x00000000001267e0       0x98 /home/jk/devkitPro/devkitARM/bin/../lib/gcc/arm-none-eabi/5.3.0/../../../../arm-none-eabi/lib/armv6k/fpu/libg.a(lib_a-mprec.o)
                0x00000000001267e0                __lo0bits
 .text.__i2b    0x0000000000126878       0x20 /home/jk/devkitPro/devkitARM/bin/../lib/gcc/arm-none-eabi/5.3.0/../../../../arm-none-eabi/lib/armv6k/fpu/libg.a(lib_a-mprec.o)
                0x0000000000126878                __i2b
 .text.__multiply
                0x0000000000126898      0x1dc /home/jk/devkitPro/devkitARM/bin/../lib/gcc/arm-none-eabi/5.3.0/../../../../arm-none-eabi/lib/armv6k/fpu/libg.a(lib_a-mprec.o)
                0x0000000000126898                __multiply
 .text.__pow5mult
                0x0000000000126a74      0x100 /home/jk/devkitPro/devkitARM/bin/../lib/gcc/arm-none-eabi/5.3.0/../../../../arm-none-eabi/lib/armv6k/fpu/libg.a(lib_a-mprec.o)
                0x0000000000126a74                __pow5mult
 .text.__lshift
                0x0000000000126b74       0xf0 /home/jk/devkitPro/devkitARM/bin/../lib/gcc/arm-none-eabi/5.3.0/../../../../arm-none-eabi/lib/armv6k/fpu/libg.a(lib_a-mprec.o)
                0x0000000000126b74                __lshift
 .text.__mcmp   0x0000000000126c64       0x64 /home/jk/devkitPro/devkitARM/bin/../lib/gcc/arm-none-eabi/5.3.0/../../../../arm-none-eabi/lib/armv6k/fpu/libg.a(lib_a-mprec.o)
                0x0000000000126c64                __mcmp
 .text.__mdiff  0x0000000000126cc8      0x198 /home/jk/devkitPro/devkitARM/bin/../lib/gcc/arm-none-eabi/5.3.0/../../../../arm-none-eabi/lib/armv6k/fpu/libg.a(lib_a-mprec.o)
                0x0000000000126cc8                __mdiff
 .text.__ulp    0x0000000000126e60       0x78 /home/jk/devkitPro/devkitARM/bin/../lib/gcc/arm-none-eabi/5.3.0/../../../../arm-none-eabi/lib/armv6k/fpu/libg.a(lib_a-mprec.o)
                0x0000000000126e60                __ulp
 .text.__b2d    0x0000000000126ed8       0xd4 /home/jk/devkitPro/devkitARM/bin/../lib/gcc/arm-none-eabi/5.3.0/../../../../arm-none-eabi/lib/armv6k/fpu/libg.a(lib_a-mprec.o)
                0x0000000000126ed8                __b2d
 .text.__d2b    0x0000000000126fac      0x104 /home/jk/devkitPro/devkitARM/bin/../lib/gcc/arm-none-eabi/5.3.0/../../../../arm-none-eabi/lib/armv6k/fpu/libg.a(lib_a-mprec.o)
                0x0000000000126fac                __d2b
 .text.__ratio  0x00000000001270b0       0x78 /home/jk/devkitPro/devkitARM/bin/../lib/gcc/arm-none-eabi/5.3.0/../../../../arm-none-eabi/lib/armv6k/fpu/libg.a(lib_a-mprec.o)
                0x00000000001270b0                __ratio
 .text.__copybits
                0x0000000000127128       0x6c /home/jk/devkitPro/devkitARM/bin/../lib/gcc/arm-none-eabi/5.3.0/../../../../arm-none-eabi/lib/armv6k/fpu/libg.a(lib_a-mprec.o)
                0x0000000000127128                __copybits
 .text.__any_on
                0x0000000000127194       0x80 /home/jk/devkitPro/devkitARM/bin/../lib/gcc/arm-none-eabi/5.3.0/../../../../arm-none-eabi/lib/armv6k/fpu/libg.a(lib_a-mprec.o)
                0x0000000000127194                __any_on
 .text._realloc_r
                0x0000000000127214      0x4c0 /home/jk/devkitPro/devkitARM/bin/../lib/gcc/arm-none-eabi/5.3.0/../../../../arm-none-eabi/lib/armv6k/fpu/libg.a(lib_a-reallocr.o)
                0x0000000000127214                _realloc_r
 .text.__sccl   0x00000000001276d4       0xd0 /home/jk/devkitPro/devkitARM/bin/../lib/gcc/arm-none-eabi/5.3.0/../../../../arm-none-eabi/lib/armv6k/fpu/libg.a(lib_a-sccl.o)
                0x00000000001276d4                __sccl
 .text.nanf     0x00000000001277a4        0xc /home/jk/devkitPro/devkitARM/bin/../lib/gcc/arm-none-eabi/5.3.0/../../../../arm-none-eabi/lib/armv6k/fpu/libg.a(lib_a-sf_nan.o)
                0x00000000001277a4                nanf
 .text.frexp    0x00000000001277b0       0x98 /home/jk/devkitPro/devkitARM/bin/../lib/gcc/arm-none-eabi/5.3.0/../../../../arm-none-eabi/lib/armv6k/fpu/libg.a(lib_a-s_frexp.o)
                0x00000000001277b0                frexp
 .text.sprintf  0x0000000000127848       0x68 /home/jk/devkitPro/devkitARM/bin/../lib/gcc/arm-none-eabi/5.3.0/../../../../arm-none-eabi/lib/armv6k/fpu/libg.a(lib_a-sprintf.o)
                0x0000000000127848                sprintf
 .text.stpncpy  0x00000000001278b0      0x108 /home/jk/devkitPro/devkitARM/bin/../lib/gcc/arm-none-eabi/5.3.0/../../../../arm-none-eabi/lib/armv6k/fpu/libg.a(lib_a-stpncpy.o)
                0x00000000001278b0                stpncpy
 .text.strncmp  0x00000000001279b8      0x11c /home/jk/devkitPro/devkitARM/bin/../lib/gcc/arm-none-eabi/5.3.0/../../../../arm-none-eabi/lib/armv6k/fpu/libg.a(lib_a-strncmp.o)
                0x00000000001279b8                strncmp
 .text.unlikely.sulp
                0x0000000000127ad4       0x58 /home/jk/devkitPro/devkitARM/bin/../lib/gcc/arm-none-eabi/5.3.0/../../../../arm-none-eabi/lib/armv6k/fpu/libg.a(lib_a-strtod.o)
 *fill*         0x0000000000127b2c        0x4 
 .text._strtod_r
                0x0000000000127b30     0x1450 /home/jk/devkitPro/devkitARM/bin/../lib/gcc/arm-none-eabi/5.3.0/../../../../arm-none-eabi/lib/armv6k/fpu/libg.a(lib_a-strtod.o)
                0x0000000000127b30                _strtod_r
 .text._strtoll_r
                0x0000000000128f80      0x25c /home/jk/devkitPro/devkitARM/bin/../lib/gcc/arm-none-eabi/5.3.0/../../../../arm-none-eabi/lib/armv6k/fpu/libg.a(lib_a-strtoll_r.o)
                0x0000000000128f80                _strtoll_r
 .text._strtol_r
                0x00000000001291dc      0x1d4 /home/jk/devkitPro/devkitARM/bin/../lib/gcc/arm-none-eabi/5.3.0/../../../../arm-none-eabi/lib/armv6k/fpu/libg.a(lib_a-strtol.o)
                0x00000000001291dc                _strtol_r
 .text._strtoull_r
                0x00000000001293b0      0x268 /home/jk/devkitPro/devkitARM/bin/../lib/gcc/arm-none-eabi/5.3.0/../../../../arm-none-eabi/lib/armv6k/fpu/libg.a(lib_a-strtoull_r.o)
                0x00000000001293b0                _strtoull_r
 .text._strtoul_r
                0x0000000000129618      0x1d4 /home/jk/devkitPro/devkitARM/bin/../lib/gcc/arm-none-eabi/5.3.0/../../../../arm-none-eabi/lib/armv6k/fpu/libg.a(lib_a-strtoul.o)
                0x0000000000129618                _strtoul_r
 .text.__ssprint_r
                0x00000000001297ec      0x1a8 /home/jk/devkitPro/devkitARM/bin/../lib/gcc/arm-none-eabi/5.3.0/../../../../arm-none-eabi/lib/armv6k/fpu/libg.a(lib_a-svfiprintf.o)
                0x00000000001297ec                __ssprint_r
 .text._sungetc_r
                0x0000000000129994       0xf8 /home/jk/devkitPro/devkitARM/bin/../lib/gcc/arm-none-eabi/5.3.0/../../../../arm-none-eabi/lib/armv6k/fpu/libg.a(lib_a-svfiscanf.o)
                0x0000000000129994                _sungetc_r
 .text.__ssrefill_r
                0x0000000000129a8c       0x6c /home/jk/devkitPro/devkitARM/bin/../lib/gcc/arm-none-eabi/5.3.0/../../../../arm-none-eabi/lib/armv6k/fpu/libg.a(lib_a-svfiscanf.o)
                0x0000000000129a8c                __ssrefill_r
 .text._sfread_r
                0x0000000000129af8       0xc8 /home/jk/devkitPro/devkitARM/bin/../lib/gcc/arm-none-eabi/5.3.0/../../../../arm-none-eabi/lib/armv6k/fpu/libg.a(lib_a-svfiscanf.o)
                0x0000000000129af8                _sfread_r
 .text.__submore
                0x0000000000129bc0       0xa8 /home/jk/devkitPro/devkitARM/bin/../lib/gcc/arm-none-eabi/5.3.0/../../../../arm-none-eabi/lib/armv6k/fpu/libg.a(lib_a-ungetc.o)
                0x0000000000129bc0                __submore
 .text.__swbuf_r
                0x0000000000129c68      0x124 /home/jk/devkitPro/devkitARM/bin/../lib/gcc/arm-none-eabi/5.3.0/../../../../arm-none-eabi/lib/armv6k/fpu/libg.a(lib_a-wbuf.o)
                0x0000000000129c68                __swbuf_r
 .text._wcsnrtombs_r
                0x0000000000129d8c      0x190 /home/jk/devkitPro/devkitARM/bin/../lib/gcc/arm-none-eabi/5.3.0/../../../../arm-none-eabi/lib/armv6k/fpu/libg.a(lib_a-wcsnrtombs.o)
                0x0000000000129d8c                _wcsnrtombs_r
 .text.rshift   0x0000000000129f1c       0xec /home/jk/devkitPro/devkitARM/bin/../lib/gcc/arm-none-eabi/5.3.0/../../../../arm-none-eabi/lib/armv6k/fpu/libg.a(lib_a-gdtoa-gethex.o)
 .text.__gethex
                0x000000000012a008      0x7d0 /home/jk/devkitPro/devkitARM/bin/../lib/gcc/arm-none-eabi/5.3.0/../../../../arm-none-eabi/lib/armv6k/fpu/libg.a(lib_a-gdtoa-gethex.o)
                0x000000000012a008                __gethex
 .text.__hexnan
                0x000000000012a7d8      0x258 /home/jk/devkitPro/devkitARM/bin/../lib/gcc/arm-none-eabi/5.3.0/../../../../arm-none-eabi/lib/armv6k/fpu/libg.a(lib_a-gdtoa-hexnan.o)
                0x000000000012a7d8                __hexnan
 .text.strnlen  0x000000000012aa30       0x5c /home/jk/devkitPro/devkitARM/bin/../lib/gcc/arm-none-eabi/5.3.0/../../../../arm-none-eabi/lib/armv6k/fpu/libg.a(lib_a-strnlen.o)
                0x000000000012aa30                strnlen
 .text.strrchr  0x000000000012aa8c       0x44 /home/jk/devkitPro/devkitARM/bin/../lib/gcc/arm-none-eabi/5.3.0/../../../../arm-none-eabi/lib/armv6k/fpu/libg.a(lib_a-strrchr.o)
                0x000000000012aa8c                strrchr
 *(.glue_7)
 .glue_7        0x000000000012aad0        0x0 linker stubs
 *(.glue_7t)
 .glue_7t       0x000000000012aad0        0x0 linker stubs
 *(.stub)
 *(.gnu.warning)
 *(.gnu.linkonce.t*)
                0x000000000012aad0                . = ALIGN (0x4)
 *(.fini)
 .fini          0x000000000012aad0        0xc /home/jk/devkitPro/devkitARM/bin/../lib/gcc/arm-none-eabi/5.3.0/armv6k/fpu/crti.o
                0x000000000012aad0                _fini
 .fini          0x000000000012aadc        0xc /home/jk/devkitPro/devkitARM/bin/../lib/gcc/arm-none-eabi/5.3.0/armv6k/fpu/crtn.o
                0x000000000012aae8                . = ALIGN (0x4)

.vfp11_veneer   0x000000000012aae8        0x0
 .vfp11_veneer  0x000000000012aae8        0x0 linker stubs

.v4_bx          0x000000000012aae8        0x0
 .v4_bx         0x000000000012aae8        0x0 linker stubs

.iplt           0x000000000012aae8        0x0
 .iplt          0x000000000012aae8        0x0 /home/jk/devkitPro/devkitARM/bin/../lib/gcc/arm-none-eabi/5.3.0/../../../../arm-none-eabi/lib/armv6k/fpu/3dsx_crt0.o

.rodata         0x000000000012b000     0xce30
 *(.rodata)
 .rodata        0x000000000012b000      0x5f8 inject.o
 .rodata        0x000000000012b5f8       0x2c pid.o
 .rodata        0x000000000012b624     0x16d8 catch.o
 .rodata        0x000000000012ccfc       0x2c main.o
 .rodata        0x000000000012cd28      0x388 util.o
 .rodata        0x000000000012d0b0       0x40 http.o
 .rodata        0x000000000012d0f0      0x168 /home/jk/devkitPro/libctru/lib/libctru.a(console.o)
 .rodata        0x000000000012d258       0x1c /home/jk/devkitPro/libctru/lib/libctru.a(gfx.o)
 .rodata        0x000000000012d274        0xc /home/jk/devkitPro/libctru/lib/libctru.a(apt.o)
 .rodata        0x000000000012d280      0x804 /home/jk/devkitPro/libctru/lib/libctru.a(default_font.bin.o)
                0x000000000012d280                default_font_bin
                0x000000000012da80                default_font_bin_end
                0x000000000012da80                default_font_bin_size
 .rodata        0x000000000012da84       0x3c /home/jk/devkitPro/libctru/lib/libctru.a(sdmc_dev.o)
 .rodata        0x000000000012dac0       0x68 /home/jk/devkitPro/devkitARM/bin/../lib/gcc/arm-none-eabi/5.3.0/../../../../arm-none-eabi/lib/armv6k/fpu/libsysbase.a(iosupport.o)
                0x000000000012dac0                dotab_stdnull
 .rodata        0x000000000012db28        0xc /home/jk/devkitPro/devkitARM/bin/../lib/gcc/arm-none-eabi/5.3.0/../../../../arm-none-eabi/lib/armv6k/fpu/libsysbase.a(chdir.o)
                0x000000000012db28                DIRECTORY_PARENT
                0x000000000012db2c                DIRECTORY_THIS
                0x000000000012db30                DIRECTORY_SEPARATOR
 *(.roda)
 *(.rodata.*)
 .rodata.str1.4
                0x000000000012db34      0xb1c inject.o
                                        0xb34 (size before relaxing)
 .rodata.str1.4
                0x000000000012e650      0x6b2 pid.o
                                        0x70c (size before relaxing)
 *fill*         0x000000000012ed02        0x2 
 .rodata.str1.4
                0x000000000012ed04     0x16d8 fill.o
                                       0x16dc (size before relaxing)
 .rodata.str1.4
                0x00000000001303dc     0x1f7a catch.o
                                       0x217c (size before relaxing)
 *fill*         0x0000000000132356        0x2 
 .rodata.str1.4
                0x0000000000132358      0x604 database.o
                                        0x670 (size before relaxing)
 .rodata.str1.4
                0x000000000013295c      0x380 main.o
                                        0x388 (size before relaxing)
 .rodata.str1.4
                0x0000000000132cdc      0x8d8 util.o
                                        0x920 (size before relaxing)
 .rodata.str1.4
                0x00000000001335b4      0xb84 http.o
                                        0xc00 (size before relaxing)
 .rodata.str1.4
                0x0000000000134138       0x68 /home/jk/devkitPro/libctru/lib/libctru.a(console.o)
                                         0x70 (size before relaxing)
 .rodata.str1.4
                0x00000000001341a0        0x5 /home/jk/devkitPro/libctru/lib/libctru.a(srv.o)
                                          0x8 (size before relaxing)
 *fill*         0x00000000001341a5        0x3 
 .rodata.str1.4
                0x00000000001341a8        0x9 /home/jk/devkitPro/libctru/lib/libctru.a(gspgpu.o)
                                          0xc (size before relaxing)
 *fill*         0x00000000001341b1        0x3 
 .rodata.str1.4
                0x00000000001341b4       0x16 /home/jk/devkitPro/libctru/lib/libctru.a(apt.o)
                                         0x18 (size before relaxing)
 *fill*         0x00000000001341ca        0x2 
 .rodata.str1.4
                0x00000000001341cc       0x15 /home/jk/devkitPro/libctru/lib/libctru.a(hid.o)
                                         0x18 (size before relaxing)
 .rodata.str1.4
                0x00000000001341e1        0xc /home/jk/devkitPro/libctru/lib/libctru.a(fs.o)
 *fill*         0x00000000001341e1        0x3 
 .rodata.str1.4
                0x00000000001341e4        0x7 /home/jk/devkitPro/libctru/lib/libctru.a(httpc.o)
                                          0x8 (size before relaxing)
 *fill*         0x00000000001341eb        0x1 
 .rodata.str1.4
                0x00000000001341ec        0x2 /home/jk/devkitPro/libctru/lib/libctru.a(thread.o)
                                          0x4 (size before relaxing)
 *fill*         0x00000000001341ee        0x2 
 .rodata.str1.4
                0x00000000001341f0        0x7 /home/jk/devkitPro/libctru/lib/libctru.a(irrst.o)
                                          0x8 (size before relaxing)
 *fill*         0x00000000001341f7        0x1 
 .rodata.str1.4
                0x00000000001341f8        0x9 /home/jk/devkitPro/libctru/lib/libctru.a(ptmsysm.o)
                                          0xc (size before relaxing)
 *fill*         0x0000000000134201        0x3 
 .rodata.str1.4
                0x0000000000134204        0xd /home/jk/devkitPro/libctru/lib/libctru.a(sdmc_dev.o)
                                         0x14 (size before relaxing)
 *fill*         0x0000000000134211        0x3 
 .rodata.str1.4
                0x0000000000134214        0x4 /home/jk/devkitPro/devkitARM/bin/../lib/gcc/arm-none-eabi/5.3.0/../../../../arm-none-eabi/lib/armv6k/fpu/libm.a(lib_a-w_pow.o)
 .rodata.str1.4
                0x0000000000134218        0x5 /home/jk/devkitPro/devkitARM/bin/../lib/gcc/arm-none-eabi/5.3.0/../../../../arm-none-eabi/lib/armv6k/fpu/libm.a(lib_a-w_sqrt.o)